Archive member included because of file (symbol)

/home/jack/Documents/pebble-dev/PebbleSDK-3.4/Pebble/aplite/lib/libpebble.a(tmpDuxwpQpebble.o)
                              src/festive-time.c.11.o (app_event_loop)
/home/jack/Documents/pebble-dev/PebbleSDK-3.4/arm-cs-tools/bin/../lib/gcc/arm-none-eabi/4.7.2/thumb2/libgcc.a(_arm_addsubdf3.o)
                              src/festive-time.c.11.o (__aeabi_dadd)
/home/jack/Documents/pebble-dev/PebbleSDK-3.4/arm-cs-tools/bin/../lib/gcc/arm-none-eabi/4.7.2/thumb2/libgcc.a(_arm_fixdfsi.o)
                              src/festive-time.c.11.o (__aeabi_d2iz)
/home/jack/Documents/pebble-dev/PebbleSDK-3.4/arm-cs-tools/bin/../lib/gcc/arm-none-eabi/4.7.2/thumb2/libgcc.a(_arm_addsubsf3.o)
                              src/festive-time.c.11.o (__aeabi_i2f)
/home/jack/Documents/pebble-dev/PebbleSDK-3.4/arm-cs-tools/bin/../lib/gcc/arm-none-eabi/4.7.2/thumb2/libgcc.a(_arm_muldivsf3.o)
                              src/festive-time.c.11.o (__aeabi_fmul)
/home/jack/Documents/pebble-dev/PebbleSDK-3.4/arm-cs-tools/bin/../lib/gcc/arm-none-eabi/4.7.2/thumb2/libgcc.a(_arm_fixsfsi.o)
                              src/festive-time.c.11.o (__aeabi_f2iz)

Discarded input sections

 .text          0x0000000000000000        0x0 /home/jack/Documents/pebble-dev/PebbleSDK-3.4/arm-cs-tools/bin/../lib/gcc/arm-none-eabi/4.7.2/thumb2/crti.o
 .bss           0x0000000000000000        0x0 /home/jack/Documents/pebble-dev/PebbleSDK-3.4/arm-cs-tools/bin/../lib/gcc/arm-none-eabi/4.7.2/thumb2/crti.o
 .init          0x0000000000000000        0x4 /home/jack/Documents/pebble-dev/PebbleSDK-3.4/arm-cs-tools/bin/../lib/gcc/arm-none-eabi/4.7.2/thumb2/crti.o
 .fini          0x0000000000000000        0x4 /home/jack/Documents/pebble-dev/PebbleSDK-3.4/arm-cs-tools/bin/../lib/gcc/arm-none-eabi/4.7.2/thumb2/crti.o
 .text          0x0000000000000000       0xc8 /home/jack/Documents/pebble-dev/PebbleSDK-3.4/arm-cs-tools/bin/../lib/gcc/arm-none-eabi/4.7.2/thumb2/crtbegin.o
 .bss           0x0000000000000000       0x1c /home/jack/Documents/pebble-dev/PebbleSDK-3.4/arm-cs-tools/bin/../lib/gcc/arm-none-eabi/4.7.2/thumb2/crtbegin.o
 .init_array    0x0000000000000000        0x4 /home/jack/Documents/pebble-dev/PebbleSDK-3.4/arm-cs-tools/bin/../lib/gcc/arm-none-eabi/4.7.2/thumb2/crtbegin.o
 .fini_array    0x0000000000000000        0x4 /home/jack/Documents/pebble-dev/PebbleSDK-3.4/arm-cs-tools/bin/../lib/gcc/arm-none-eabi/4.7.2/thumb2/crtbegin.o
 .eh_frame      0x0000000000000000        0x0 /home/jack/Documents/pebble-dev/PebbleSDK-3.4/arm-cs-tools/bin/../lib/gcc/arm-none-eabi/4.7.2/thumb2/crtbegin.o
 .jcr           0x0000000000000000        0x0 /home/jack/Documents/pebble-dev/PebbleSDK-3.4/arm-cs-tools/bin/../lib/gcc/arm-none-eabi/4.7.2/thumb2/crtbegin.o
 .tm_clone_table
                0x0000000000000000        0x0 /home/jack/Documents/pebble-dev/PebbleSDK-3.4/arm-cs-tools/bin/../lib/gcc/arm-none-eabi/4.7.2/thumb2/crtbegin.o
 .text          0x0000000000000000        0x0 src/festive-time.c.11.o
 .bss           0x0000000000000000        0x0 src/festive-time.c.11.o
 .text          0x0000000000000000        0x0 aplite/appinfo.auto.c.11.o
 .bss           0x0000000000000000        0x0 aplite/appinfo.auto.c.11.o
 .bss           0x0000000000000000        0x0 /home/jack/Documents/pebble-dev/PebbleSDK-3.4/Pebble/aplite/lib/libpebble.a(tmpDuxwpQpebble.o)
 .text.accel_data_service_subscribe__deprecated
                0x0000000000000000        0xc /home/jack/Documents/pebble-dev/PebbleSDK-3.4/Pebble/aplite/lib/libpebble.a(tmpDuxwpQpebble.o)
 .text.accel_data_service_unsubscribe
                0x0000000000000000        0xc /home/jack/Documents/pebble-dev/PebbleSDK-3.4/Pebble/aplite/lib/libpebble.a(tmpDuxwpQpebble.o)
 .text.accel_service_peek
                0x0000000000000000        0xc /home/jack/Documents/pebble-dev/PebbleSDK-3.4/Pebble/aplite/lib/libpebble.a(tmpDuxwpQpebble.o)
 .text.accel_service_set_samples_per_update
                0x0000000000000000        0xc /home/jack/Documents/pebble-dev/PebbleSDK-3.4/Pebble/aplite/lib/libpebble.a(tmpDuxwpQpebble.o)
 .text.accel_service_set_sampling_rate
                0x0000000000000000        0xc /home/jack/Documents/pebble-dev/PebbleSDK-3.4/Pebble/aplite/lib/libpebble.a(tmpDuxwpQpebble.o)
 .text.accel_tap_service_subscribe
                0x0000000000000000        0xc /home/jack/Documents/pebble-dev/PebbleSDK-3.4/Pebble/aplite/lib/libpebble.a(tmpDuxwpQpebble.o)
 .text.accel_tap_service_unsubscribe
                0x0000000000000000        0xc /home/jack/Documents/pebble-dev/PebbleSDK-3.4/Pebble/aplite/lib/libpebble.a(tmpDuxwpQpebble.o)
 .text.action_bar_layer_add_to_window
                0x0000000000000000        0xc /home/jack/Documents/pebble-dev/PebbleSDK-3.4/Pebble/aplite/lib/libpebble.a(tmpDuxwpQpebble.o)
 .text.action_bar_layer_clear_icon
                0x0000000000000000        0xc /home/jack/Documents/pebble-dev/PebbleSDK-3.4/Pebble/aplite/lib/libpebble.a(tmpDuxwpQpebble.o)
 .text.action_bar_layer_create
                0x0000000000000000        0xc /home/jack/Documents/pebble-dev/PebbleSDK-3.4/Pebble/aplite/lib/libpebble.a(tmpDuxwpQpebble.o)
 .text.action_bar_layer_destroy
                0x0000000000000000        0xc /home/jack/Documents/pebble-dev/PebbleSDK-3.4/Pebble/aplite/lib/libpebble.a(tmpDuxwpQpebble.o)
 .text.action_bar_layer_get_layer
                0x0000000000000000        0xc /home/jack/Documents/pebble-dev/PebbleSDK-3.4/Pebble/aplite/lib/libpebble.a(tmpDuxwpQpebble.o)
 .text.action_bar_layer_remove_from_window
                0x0000000000000000        0xc /home/jack/Documents/pebble-dev/PebbleSDK-3.4/Pebble/aplite/lib/libpebble.a(tmpDuxwpQpebble.o)
 .text.action_bar_layer_set_background_color
                0x0000000000000000        0xc /home/jack/Documents/pebble-dev/PebbleSDK-3.4/Pebble/aplite/lib/libpebble.a(tmpDuxwpQpebble.o)
 .text.action_bar_layer_set_click_config_provider
                0x0000000000000000        0xc /home/jack/Documents/pebble-dev/PebbleSDK-3.4/Pebble/aplite/lib/libpebble.a(tmpDuxwpQpebble.o)
 .text.action_bar_layer_set_context
                0x0000000000000000        0xc /home/jack/Documents/pebble-dev/PebbleSDK-3.4/Pebble/aplite/lib/libpebble.a(tmpDuxwpQpebble.o)
 .text.action_bar_layer_set_icon
                0x0000000000000000        0xc /home/jack/Documents/pebble-dev/PebbleSDK-3.4/Pebble/aplite/lib/libpebble.a(tmpDuxwpQpebble.o)
 .text.animation_create
                0x0000000000000000        0xc /home/jack/Documents/pebble-dev/PebbleSDK-3.4/Pebble/aplite/lib/libpebble.a(tmpDuxwpQpebble.o)
 .text.animation_destroy
                0x0000000000000000        0xc /home/jack/Documents/pebble-dev/PebbleSDK-3.4/Pebble/aplite/lib/libpebble.a(tmpDuxwpQpebble.o)
 .text.animation_get_context
                0x0000000000000000        0xc /home/jack/Documents/pebble-dev/PebbleSDK-3.4/Pebble/aplite/lib/libpebble.a(tmpDuxwpQpebble.o)
 .text.animation_is_scheduled
                0x0000000000000000        0xc /home/jack/Documents/pebble-dev/PebbleSDK-3.4/Pebble/aplite/lib/libpebble.a(tmpDuxwpQpebble.o)
 .text.animation_schedule
                0x0000000000000000        0xc /home/jack/Documents/pebble-dev/PebbleSDK-3.4/Pebble/aplite/lib/libpebble.a(tmpDuxwpQpebble.o)
 .text.animation_set_curve
                0x0000000000000000        0xc /home/jack/Documents/pebble-dev/PebbleSDK-3.4/Pebble/aplite/lib/libpebble.a(tmpDuxwpQpebble.o)
 .text.animation_set_delay
                0x0000000000000000        0xc /home/jack/Documents/pebble-dev/PebbleSDK-3.4/Pebble/aplite/lib/libpebble.a(tmpDuxwpQpebble.o)
 .text.animation_set_duration
                0x0000000000000000        0xc /home/jack/Documents/pebble-dev/PebbleSDK-3.4/Pebble/aplite/lib/libpebble.a(tmpDuxwpQpebble.o)
 .text.animation_set_handlers
                0x0000000000000000        0xc /home/jack/Documents/pebble-dev/PebbleSDK-3.4/Pebble/aplite/lib/libpebble.a(tmpDuxwpQpebble.o)
 .text.animation_set_implementation
                0x0000000000000000        0xc /home/jack/Documents/pebble-dev/PebbleSDK-3.4/Pebble/aplite/lib/libpebble.a(tmpDuxwpQpebble.o)
 .text.animation_unschedule
                0x0000000000000000        0xc /home/jack/Documents/pebble-dev/PebbleSDK-3.4/Pebble/aplite/lib/libpebble.a(tmpDuxwpQpebble.o)
 .text.animation_unschedule_all
                0x0000000000000000        0xc /home/jack/Documents/pebble-dev/PebbleSDK-3.4/Pebble/aplite/lib/libpebble.a(tmpDuxwpQpebble.o)
 .text.app_comm_get_sniff_interval
                0x0000000000000000        0xc /home/jack/Documents/pebble-dev/PebbleSDK-3.4/Pebble/aplite/lib/libpebble.a(tmpDuxwpQpebble.o)
 .text.app_comm_set_sniff_interval
                0x0000000000000000        0xc /home/jack/Documents/pebble-dev/PebbleSDK-3.4/Pebble/aplite/lib/libpebble.a(tmpDuxwpQpebble.o)
 .text.app_message_deregister_callbacks
                0x0000000000000000        0xc /home/jack/Documents/pebble-dev/PebbleSDK-3.4/Pebble/aplite/lib/libpebble.a(tmpDuxwpQpebble.o)
 .text.app_sync_deinit
                0x0000000000000000        0xc /home/jack/Documents/pebble-dev/PebbleSDK-3.4/Pebble/aplite/lib/libpebble.a(tmpDuxwpQpebble.o)
 .text.app_sync_get
                0x0000000000000000        0xc /home/jack/Documents/pebble-dev/PebbleSDK-3.4/Pebble/aplite/lib/libpebble.a(tmpDuxwpQpebble.o)
 .text.app_sync_init
                0x0000000000000000        0xc /home/jack/Documents/pebble-dev/PebbleSDK-3.4/Pebble/aplite/lib/libpebble.a(tmpDuxwpQpebble.o)
 .text.app_sync_set
                0x0000000000000000        0xc /home/jack/Documents/pebble-dev/PebbleSDK-3.4/Pebble/aplite/lib/libpebble.a(tmpDuxwpQpebble.o)
 .text.app_timer_cancel
                0x0000000000000000        0xc /home/jack/Documents/pebble-dev/PebbleSDK-3.4/Pebble/aplite/lib/libpebble.a(tmpDuxwpQpebble.o)
 .text.app_timer_register
                0x0000000000000000        0xc /home/jack/Documents/pebble-dev/PebbleSDK-3.4/Pebble/aplite/lib/libpebble.a(tmpDuxwpQpebble.o)
 .text.app_timer_reschedule
                0x0000000000000000        0xc /home/jack/Documents/pebble-dev/PebbleSDK-3.4/Pebble/aplite/lib/libpebble.a(tmpDuxwpQpebble.o)
 .text.atan2_lookup
                0x0000000000000000        0xc /home/jack/Documents/pebble-dev/PebbleSDK-3.4/Pebble/aplite/lib/libpebble.a(tmpDuxwpQpebble.o)
 .text.atol     0x0000000000000000        0xc /home/jack/Documents/pebble-dev/PebbleSDK-3.4/Pebble/aplite/lib/libpebble.a(tmpDuxwpQpebble.o)
 .text.battery_state_service_unsubscribe
                0x0000000000000000        0xc /home/jack/Documents/pebble-dev/PebbleSDK-3.4/Pebble/aplite/lib/libpebble.a(tmpDuxwpQpebble.o)
 .text.bitmap_layer_set_alignment
                0x0000000000000000        0xc /home/jack/Documents/pebble-dev/PebbleSDK-3.4/Pebble/aplite/lib/libpebble.a(tmpDuxwpQpebble.o)
 .text.bitmap_layer_set_background_color
                0x0000000000000000        0xc /home/jack/Documents/pebble-dev/PebbleSDK-3.4/Pebble/aplite/lib/libpebble.a(tmpDuxwpQpebble.o)
 .text.bitmap_layer_set_compositing_mode
                0x0000000000000000        0xc /home/jack/Documents/pebble-dev/PebbleSDK-3.4/Pebble/aplite/lib/libpebble.a(tmpDuxwpQpebble.o)
 .text.bluetooth_connection_service_unsubscribe
                0x0000000000000000        0xc /home/jack/Documents/pebble-dev/PebbleSDK-3.4/Pebble/aplite/lib/libpebble.a(tmpDuxwpQpebble.o)
 .text.click_number_of_clicks_counted
                0x0000000000000000        0xc /home/jack/Documents/pebble-dev/PebbleSDK-3.4/Pebble/aplite/lib/libpebble.a(tmpDuxwpQpebble.o)
 .text.click_recognizer_get_button_id
                0x0000000000000000        0xc /home/jack/Documents/pebble-dev/PebbleSDK-3.4/Pebble/aplite/lib/libpebble.a(tmpDuxwpQpebble.o)
 .text.clock_copy_time_string
                0x0000000000000000        0xc /home/jack/Documents/pebble-dev/PebbleSDK-3.4/Pebble/aplite/lib/libpebble.a(tmpDuxwpQpebble.o)
 .text.clock_is_24h_style
                0x0000000000000000        0xc /home/jack/Documents/pebble-dev/PebbleSDK-3.4/Pebble/aplite/lib/libpebble.a(tmpDuxwpQpebble.o)
 .text.cos_lookup
                0x0000000000000000        0xc /home/jack/Documents/pebble-dev/PebbleSDK-3.4/Pebble/aplite/lib/libpebble.a(tmpDuxwpQpebble.o)
 .text.data_logging_create
                0x0000000000000000        0xc /home/jack/Documents/pebble-dev/PebbleSDK-3.4/Pebble/aplite/lib/libpebble.a(tmpDuxwpQpebble.o)
 .text.data_logging_finish
                0x0000000000000000        0xc /home/jack/Documents/pebble-dev/PebbleSDK-3.4/Pebble/aplite/lib/libpebble.a(tmpDuxwpQpebble.o)
 .text.data_logging_log
                0x0000000000000000        0xc /home/jack/Documents/pebble-dev/PebbleSDK-3.4/Pebble/aplite/lib/libpebble.a(tmpDuxwpQpebble.o)
 .text.dict_calc_buffer_size
                0x0000000000000000        0xc /home/jack/Documents/pebble-dev/PebbleSDK-3.4/Pebble/aplite/lib/libpebble.a(tmpDuxwpQpebble.o)
 .text.dict_calc_buffer_size_from_tuplets
                0x0000000000000000        0xc /home/jack/Documents/pebble-dev/PebbleSDK-3.4/Pebble/aplite/lib/libpebble.a(tmpDuxwpQpebble.o)
 .text.dict_find
                0x0000000000000000        0xc /home/jack/Documents/pebble-dev/PebbleSDK-3.4/Pebble/aplite/lib/libpebble.a(tmpDuxwpQpebble.o)
 .text.dict_merge
                0x0000000000000000        0xc /home/jack/Documents/pebble-dev/PebbleSDK-3.4/Pebble/aplite/lib/libpebble.a(tmpDuxwpQpebble.o)
 .text.dict_read_begin_from_buffer
                0x0000000000000000        0xc /home/jack/Documents/pebble-dev/PebbleSDK-3.4/Pebble/aplite/lib/libpebble.a(tmpDuxwpQpebble.o)
 .text.dict_serialize_tuplets
                0x0000000000000000        0xc /home/jack/Documents/pebble-dev/PebbleSDK-3.4/Pebble/aplite/lib/libpebble.a(tmpDuxwpQpebble.o)
 .text.dict_serialize_tuplets_to_buffer__deprecated
                0x0000000000000000        0xc /home/jack/Documents/pebble-dev/PebbleSDK-3.4/Pebble/aplite/lib/libpebble.a(tmpDuxwpQpebble.o)
 .text.dict_serialize_tuplets_to_buffer_with_iter
                0x0000000000000000        0xc /home/jack/Documents/pebble-dev/PebbleSDK-3.4/Pebble/aplite/lib/libpebble.a(tmpDuxwpQpebble.o)
 .text.dict_write_begin
                0x0000000000000000        0xc /home/jack/Documents/pebble-dev/PebbleSDK-3.4/Pebble/aplite/lib/libpebble.a(tmpDuxwpQpebble.o)
 .text.dict_write_cstring
                0x0000000000000000        0xc /home/jack/Documents/pebble-dev/PebbleSDK-3.4/Pebble/aplite/lib/libpebble.a(tmpDuxwpQpebble.o)
 .text.dict_write_data
                0x0000000000000000        0xc /home/jack/Documents/pebble-dev/PebbleSDK-3.4/Pebble/aplite/lib/libpebble.a(tmpDuxwpQpebble.o)
 .text.dict_write_end
                0x0000000000000000        0xc /home/jack/Documents/pebble-dev/PebbleSDK-3.4/Pebble/aplite/lib/libpebble.a(tmpDuxwpQpebble.o)
 .text.dict_write_int
                0x0000000000000000        0xc /home/jack/Documents/pebble-dev/PebbleSDK-3.4/Pebble/aplite/lib/libpebble.a(tmpDuxwpQpebble.o)
 .text.dict_write_int16
                0x0000000000000000        0xc /home/jack/Documents/pebble-dev/PebbleSDK-3.4/Pebble/aplite/lib/libpebble.a(tmpDuxwpQpebble.o)
 .text.dict_write_int32
                0x0000000000000000        0xc /home/jack/Documents/pebble-dev/PebbleSDK-3.4/Pebble/aplite/lib/libpebble.a(tmpDuxwpQpebble.o)
 .text.dict_write_int8
                0x0000000000000000        0xc /home/jack/Documents/pebble-dev/PebbleSDK-3.4/Pebble/aplite/lib/libpebble.a(tmpDuxwpQpebble.o)
 .text.dict_write_tuplet
                0x0000000000000000        0xc /home/jack/Documents/pebble-dev/PebbleSDK-3.4/Pebble/aplite/lib/libpebble.a(tmpDuxwpQpebble.o)
 .text.dict_write_uint16
                0x0000000000000000        0xc /home/jack/Documents/pebble-dev/PebbleSDK-3.4/Pebble/aplite/lib/libpebble.a(tmpDuxwpQpebble.o)
 .text.dict_write_uint32
                0x0000000000000000        0xc /home/jack/Documents/pebble-dev/PebbleSDK-3.4/Pebble/aplite/lib/libpebble.a(tmpDuxwpQpebble.o)
 .text.fonts_load_custom_font
                0x0000000000000000        0xc /home/jack/Documents/pebble-dev/PebbleSDK-3.4/Pebble/aplite/lib/libpebble.a(tmpDuxwpQpebble.o)
 .text.fonts_unload_custom_font
                0x0000000000000000        0xc /home/jack/Documents/pebble-dev/PebbleSDK-3.4/Pebble/aplite/lib/libpebble.a(tmpDuxwpQpebble.o)
 .text.free     0x0000000000000000        0xc /home/jack/Documents/pebble-dev/PebbleSDK-3.4/Pebble/aplite/lib/libpebble.a(tmpDuxwpQpebble.o)
 .text.gbitmap_create_as_sub_bitmap
                0x0000000000000000        0xc /home/jack/Documents/pebble-dev/PebbleSDK-3.4/Pebble/aplite/lib/libpebble.a(tmpDuxwpQpebble.o)
 .text.gbitmap_create_with_data
                0x0000000000000000        0xc /home/jack/Documents/pebble-dev/PebbleSDK-3.4/Pebble/aplite/lib/libpebble.a(tmpDuxwpQpebble.o)
 .text.gmtime   0x0000000000000000        0xc /home/jack/Documents/pebble-dev/PebbleSDK-3.4/Pebble/aplite/lib/libpebble.a(tmpDuxwpQpebble.o)
 .text.gpath_create
                0x0000000000000000        0xc /home/jack/Documents/pebble-dev/PebbleSDK-3.4/Pebble/aplite/lib/libpebble.a(tmpDuxwpQpebble.o)
 .text.gpath_destroy
                0x0000000000000000        0xc /home/jack/Documents/pebble-dev/PebbleSDK-3.4/Pebble/aplite/lib/libpebble.a(tmpDuxwpQpebble.o)
 .text.gpath_draw_filled_legacy
                0x0000000000000000        0xc /home/jack/Documents/pebble-dev/PebbleSDK-3.4/Pebble/aplite/lib/libpebble.a(tmpDuxwpQpebble.o)
 .text.gpath_draw_outline
                0x0000000000000000        0xc /home/jack/Documents/pebble-dev/PebbleSDK-3.4/Pebble/aplite/lib/libpebble.a(tmpDuxwpQpebble.o)
 .text.gpath_move_to
                0x0000000000000000        0xc /home/jack/Documents/pebble-dev/PebbleSDK-3.4/Pebble/aplite/lib/libpebble.a(tmpDuxwpQpebble.o)
 .text.gpath_rotate_to
                0x0000000000000000        0xc /home/jack/Documents/pebble-dev/PebbleSDK-3.4/Pebble/aplite/lib/libpebble.a(tmpDuxwpQpebble.o)
 .text.gpoint_equal
                0x0000000000000000        0xc /home/jack/Documents/pebble-dev/PebbleSDK-3.4/Pebble/aplite/lib/libpebble.a(tmpDuxwpQpebble.o)
 .text.graphics_context_set_compositing_mode
                0x0000000000000000        0xc /home/jack/Documents/pebble-dev/PebbleSDK-3.4/Pebble/aplite/lib/libpebble.a(tmpDuxwpQpebble.o)
 .text.graphics_context_set_stroke_color
                0x0000000000000000        0xc /home/jack/Documents/pebble-dev/PebbleSDK-3.4/Pebble/aplite/lib/libpebble.a(tmpDuxwpQpebble.o)
 .text.graphics_context_set_text_color
                0x0000000000000000        0xc /home/jack/Documents/pebble-dev/PebbleSDK-3.4/Pebble/aplite/lib/libpebble.a(tmpDuxwpQpebble.o)
 .text.graphics_draw_bitmap_in_rect
                0x0000000000000000        0xc /home/jack/Documents/pebble-dev/PebbleSDK-3.4/Pebble/aplite/lib/libpebble.a(tmpDuxwpQpebble.o)
 .text.graphics_draw_circle
                0x0000000000000000        0xc /home/jack/Documents/pebble-dev/PebbleSDK-3.4/Pebble/aplite/lib/libpebble.a(tmpDuxwpQpebble.o)
 .text.graphics_draw_line
                0x0000000000000000        0xc /home/jack/Documents/pebble-dev/PebbleSDK-3.4/Pebble/aplite/lib/libpebble.a(tmpDuxwpQpebble.o)
 .text.graphics_draw_pixel
                0x0000000000000000        0xc /home/jack/Documents/pebble-dev/PebbleSDK-3.4/Pebble/aplite/lib/libpebble.a(tmpDuxwpQpebble.o)
 .text.graphics_draw_rect
                0x0000000000000000        0xc /home/jack/Documents/pebble-dev/PebbleSDK-3.4/Pebble/aplite/lib/libpebble.a(tmpDuxwpQpebble.o)
 .text.graphics_draw_round_rect
                0x0000000000000000        0xc /home/jack/Documents/pebble-dev/PebbleSDK-3.4/Pebble/aplite/lib/libpebble.a(tmpDuxwpQpebble.o)
 .text.graphics_fill_circle
                0x0000000000000000        0xc /home/jack/Documents/pebble-dev/PebbleSDK-3.4/Pebble/aplite/lib/libpebble.a(tmpDuxwpQpebble.o)
 .text.graphics_text_layout_get_max_used_size
                0x0000000000000000        0xc /home/jack/Documents/pebble-dev/PebbleSDK-3.4/Pebble/aplite/lib/libpebble.a(tmpDuxwpQpebble.o)
 .text.grect_align
                0x0000000000000000        0xc /home/jack/Documents/pebble-dev/PebbleSDK-3.4/Pebble/aplite/lib/libpebble.a(tmpDuxwpQpebble.o)
 .text.grect_center_point
                0x0000000000000000        0xc /home/jack/Documents/pebble-dev/PebbleSDK-3.4/Pebble/aplite/lib/libpebble.a(tmpDuxwpQpebble.o)
 .text.grect_clip
                0x0000000000000000        0xc /home/jack/Documents/pebble-dev/PebbleSDK-3.4/Pebble/aplite/lib/libpebble.a(tmpDuxwpQpebble.o)
 .text.grect_contains_point
                0x0000000000000000        0xc /home/jack/Documents/pebble-dev/PebbleSDK-3.4/Pebble/aplite/lib/libpebble.a(tmpDuxwpQpebble.o)
 .text.grect_crop
                0x0000000000000000        0xc /home/jack/Documents/pebble-dev/PebbleSDK-3.4/Pebble/aplite/lib/libpebble.a(tmpDuxwpQpebble.o)
 .text.grect_equal
                0x0000000000000000        0xc /home/jack/Documents/pebble-dev/PebbleSDK-3.4/Pebble/aplite/lib/libpebble.a(tmpDuxwpQpebble.o)
 .text.grect_is_empty
                0x0000000000000000        0xc /home/jack/Documents/pebble-dev/PebbleSDK-3.4/Pebble/aplite/lib/libpebble.a(tmpDuxwpQpebble.o)
 .text.grect_standardize
                0x0000000000000000        0xc /home/jack/Documents/pebble-dev/PebbleSDK-3.4/Pebble/aplite/lib/libpebble.a(tmpDuxwpQpebble.o)
 .text.gsize_equal
                0x0000000000000000        0xc /home/jack/Documents/pebble-dev/PebbleSDK-3.4/Pebble/aplite/lib/libpebble.a(tmpDuxwpQpebble.o)
 .text.inverter_layer_create
                0x0000000000000000        0xc /home/jack/Documents/pebble-dev/PebbleSDK-3.4/Pebble/aplite/lib/libpebble.a(tmpDuxwpQpebble.o)
 .text.inverter_layer_destroy
                0x0000000000000000        0xc /home/jack/Documents/pebble-dev/PebbleSDK-3.4/Pebble/aplite/lib/libpebble.a(tmpDuxwpQpebble.o)
 .text.inverter_layer_get_layer
                0x0000000000000000        0xc /home/jack/Documents/pebble-dev/PebbleSDK-3.4/Pebble/aplite/lib/libpebble.a(tmpDuxwpQpebble.o)
 .text.layer_create_with_data
                0x0000000000000000        0xc /home/jack/Documents/pebble-dev/PebbleSDK-3.4/Pebble/aplite/lib/libpebble.a(tmpDuxwpQpebble.o)
 .text.layer_get_clips
                0x0000000000000000        0xc /home/jack/Documents/pebble-dev/PebbleSDK-3.4/Pebble/aplite/lib/libpebble.a(tmpDuxwpQpebble.o)
 .text.layer_get_data
                0x0000000000000000        0xc /home/jack/Documents/pebble-dev/PebbleSDK-3.4/Pebble/aplite/lib/libpebble.a(tmpDuxwpQpebble.o)
 .text.layer_get_frame
                0x0000000000000000        0xc /home/jack/Documents/pebble-dev/PebbleSDK-3.4/Pebble/aplite/lib/libpebble.a(tmpDuxwpQpebble.o)
 .text.layer_get_hidden
                0x0000000000000000        0xc /home/jack/Documents/pebble-dev/PebbleSDK-3.4/Pebble/aplite/lib/libpebble.a(tmpDuxwpQpebble.o)
 .text.layer_get_window
                0x0000000000000000        0xc /home/jack/Documents/pebble-dev/PebbleSDK-3.4/Pebble/aplite/lib/libpebble.a(tmpDuxwpQpebble.o)
 .text.layer_insert_above_sibling
                0x0000000000000000        0xc /home/jack/Documents/pebble-dev/PebbleSDK-3.4/Pebble/aplite/lib/libpebble.a(tmpDuxwpQpebble.o)
 .text.layer_insert_below_sibling
                0x0000000000000000        0xc /home/jack/Documents/pebble-dev/PebbleSDK-3.4/Pebble/aplite/lib/libpebble.a(tmpDuxwpQpebble.o)
 .text.layer_remove_child_layers
                0x0000000000000000        0xc /home/jack/Documents/pebble-dev/PebbleSDK-3.4/Pebble/aplite/lib/libpebble.a(tmpDuxwpQpebble.o)
 .text.layer_remove_from_parent
                0x0000000000000000        0xc /home/jack/Documents/pebble-dev/PebbleSDK-3.4/Pebble/aplite/lib/libpebble.a(tmpDuxwpQpebble.o)
 .text.layer_set_bounds
                0x0000000000000000        0xc /home/jack/Documents/pebble-dev/PebbleSDK-3.4/Pebble/aplite/lib/libpebble.a(tmpDuxwpQpebble.o)
 .text.layer_set_clips
                0x0000000000000000        0xc /home/jack/Documents/pebble-dev/PebbleSDK-3.4/Pebble/aplite/lib/libpebble.a(tmpDuxwpQpebble.o)
 .text.layer_set_frame
                0x0000000000000000        0xc /home/jack/Documents/pebble-dev/PebbleSDK-3.4/Pebble/aplite/lib/libpebble.a(tmpDuxwpQpebble.o)
 .text.light_enable
                0x0000000000000000        0xc /home/jack/Documents/pebble-dev/PebbleSDK-3.4/Pebble/aplite/lib/libpebble.a(tmpDuxwpQpebble.o)
 .text.light_enable_interaction
                0x0000000000000000        0xc /home/jack/Documents/pebble-dev/PebbleSDK-3.4/Pebble/aplite/lib/libpebble.a(tmpDuxwpQpebble.o)
 .text.malloc   0x0000000000000000        0xc /home/jack/Documents/pebble-dev/PebbleSDK-3.4/Pebble/aplite/lib/libpebble.a(tmpDuxwpQpebble.o)
 .text.memcpy   0x0000000000000000        0xc /home/jack/Documents/pebble-dev/PebbleSDK-3.4/Pebble/aplite/lib/libpebble.a(tmpDuxwpQpebble.o)
 .text.memmove  0x0000000000000000        0xc /home/jack/Documents/pebble-dev/PebbleSDK-3.4/Pebble/aplite/lib/libpebble.a(tmpDuxwpQpebble.o)
 .text.menu_cell_basic_draw
                0x0000000000000000        0xc /home/jack/Documents/pebble-dev/PebbleSDK-3.4/Pebble/aplite/lib/libpebble.a(tmpDuxwpQpebble.o)
 .text.menu_cell_basic_header_draw
                0x0000000000000000        0xc /home/jack/Documents/pebble-dev/PebbleSDK-3.4/Pebble/aplite/lib/libpebble.a(tmpDuxwpQpebble.o)
 .text.menu_cell_title_draw
                0x0000000000000000        0xc /home/jack/Documents/pebble-dev/PebbleSDK-3.4/Pebble/aplite/lib/libpebble.a(tmpDuxwpQpebble.o)
 .text.menu_index_compare
                0x0000000000000000        0xc /home/jack/Documents/pebble-dev/PebbleSDK-3.4/Pebble/aplite/lib/libpebble.a(tmpDuxwpQpebble.o)
 .text.menu_layer_create
                0x0000000000000000        0xc /home/jack/Documents/pebble-dev/PebbleSDK-3.4/Pebble/aplite/lib/libpebble.a(tmpDuxwpQpebble.o)
 .text.menu_layer_destroy
                0x0000000000000000        0xc /home/jack/Documents/pebble-dev/PebbleSDK-3.4/Pebble/aplite/lib/libpebble.a(tmpDuxwpQpebble.o)
 .text.menu_layer_get_layer
                0x0000000000000000        0xc /home/jack/Documents/pebble-dev/PebbleSDK-3.4/Pebble/aplite/lib/libpebble.a(tmpDuxwpQpebble.o)
 .text.menu_layer_get_scroll_layer
                0x0000000000000000        0xc /home/jack/Documents/pebble-dev/PebbleSDK-3.4/Pebble/aplite/lib/libpebble.a(tmpDuxwpQpebble.o)
 .text.menu_layer_get_selected_index
                0x0000000000000000        0xc /home/jack/Documents/pebble-dev/PebbleSDK-3.4/Pebble/aplite/lib/libpebble.a(tmpDuxwpQpebble.o)
 .text.menu_layer_reload_data
                0x0000000000000000        0xc /home/jack/Documents/pebble-dev/PebbleSDK-3.4/Pebble/aplite/lib/libpebble.a(tmpDuxwpQpebble.o)
 .text.menu_layer_set_callbacks__deprecated
                0x0000000000000000        0xc /home/jack/Documents/pebble-dev/PebbleSDK-3.4/Pebble/aplite/lib/libpebble.a(tmpDuxwpQpebble.o)
 .text.menu_layer_set_click_config_onto_window
                0x0000000000000000        0xc /home/jack/Documents/pebble-dev/PebbleSDK-3.4/Pebble/aplite/lib/libpebble.a(tmpDuxwpQpebble.o)
 .text.menu_layer_set_selected_index
                0x0000000000000000        0xc /home/jack/Documents/pebble-dev/PebbleSDK-3.4/Pebble/aplite/lib/libpebble.a(tmpDuxwpQpebble.o)
 .text.menu_layer_set_selected_next
                0x0000000000000000        0xc /home/jack/Documents/pebble-dev/PebbleSDK-3.4/Pebble/aplite/lib/libpebble.a(tmpDuxwpQpebble.o)
 .text.number_window_create
                0x0000000000000000        0xc /home/jack/Documents/pebble-dev/PebbleSDK-3.4/Pebble/aplite/lib/libpebble.a(tmpDuxwpQpebble.o)
 .text.number_window_destroy
                0x0000000000000000        0xc /home/jack/Documents/pebble-dev/PebbleSDK-3.4/Pebble/aplite/lib/libpebble.a(tmpDuxwpQpebble.o)
 .text.number_window_get_value
                0x0000000000000000        0xc /home/jack/Documents/pebble-dev/PebbleSDK-3.4/Pebble/aplite/lib/libpebble.a(tmpDuxwpQpebble.o)
 .text.number_window_set_label
                0x0000000000000000        0xc /home/jack/Documents/pebble-dev/PebbleSDK-3.4/Pebble/aplite/lib/libpebble.a(tmpDuxwpQpebble.o)
 .text.number_window_set_max
                0x0000000000000000        0xc /home/jack/Documents/pebble-dev/PebbleSDK-3.4/Pebble/aplite/lib/libpebble.a(tmpDuxwpQpebble.o)
 .text.number_window_set_min
                0x0000000000000000        0xc /home/jack/Documents/pebble-dev/PebbleSDK-3.4/Pebble/aplite/lib/libpebble.a(tmpDuxwpQpebble.o)
 .text.number_window_set_step_size
                0x0000000000000000        0xc /home/jack/Documents/pebble-dev/PebbleSDK-3.4/Pebble/aplite/lib/libpebble.a(tmpDuxwpQpebble.o)
 .text.number_window_set_value
                0x0000000000000000        0xc /home/jack/Documents/pebble-dev/PebbleSDK-3.4/Pebble/aplite/lib/libpebble.a(tmpDuxwpQpebble.o)
 .text.persist_delete
                0x0000000000000000        0xc /home/jack/Documents/pebble-dev/PebbleSDK-3.4/Pebble/aplite/lib/libpebble.a(tmpDuxwpQpebble.o)
 .text.persist_exists
                0x0000000000000000        0xc /home/jack/Documents/pebble-dev/PebbleSDK-3.4/Pebble/aplite/lib/libpebble.a(tmpDuxwpQpebble.o)
 .text.persist_get_size
                0x0000000000000000        0xc /home/jack/Documents/pebble-dev/PebbleSDK-3.4/Pebble/aplite/lib/libpebble.a(tmpDuxwpQpebble.o)
 .text.persist_read_data__deprecated
                0x0000000000000000        0xc /home/jack/Documents/pebble-dev/PebbleSDK-3.4/Pebble/aplite/lib/libpebble.a(tmpDuxwpQpebble.o)
 .text.persist_read_int
                0x0000000000000000        0xc /home/jack/Documents/pebble-dev/PebbleSDK-3.4/Pebble/aplite/lib/libpebble.a(tmpDuxwpQpebble.o)
 .text.persist_read_string__deprecated
                0x0000000000000000        0xc /home/jack/Documents/pebble-dev/PebbleSDK-3.4/Pebble/aplite/lib/libpebble.a(tmpDuxwpQpebble.o)
 .text.persist_write_bool
                0x0000000000000000        0xc /home/jack/Documents/pebble-dev/PebbleSDK-3.4/Pebble/aplite/lib/libpebble.a(tmpDuxwpQpebble.o)
 .text.persist_write_data__deprecated
                0x0000000000000000        0xc /home/jack/Documents/pebble-dev/PebbleSDK-3.4/Pebble/aplite/lib/libpebble.a(tmpDuxwpQpebble.o)
 .text.property_animation_create
                0x0000000000000000        0xc /home/jack/Documents/pebble-dev/PebbleSDK-3.4/Pebble/aplite/lib/libpebble.a(tmpDuxwpQpebble.o)
 .text.property_animation_create_layer_frame
                0x0000000000000000        0xc /home/jack/Documents/pebble-dev/PebbleSDK-3.4/Pebble/aplite/lib/libpebble.a(tmpDuxwpQpebble.o)
 .text.property_animation_destroy
                0x0000000000000000        0xc /home/jack/Documents/pebble-dev/PebbleSDK-3.4/Pebble/aplite/lib/libpebble.a(tmpDuxwpQpebble.o)
 .text.property_animation_update_gpoint
                0x0000000000000000        0xc /home/jack/Documents/pebble-dev/PebbleSDK-3.4/Pebble/aplite/lib/libpebble.a(tmpDuxwpQpebble.o)
 .text.property_animation_update_grect
                0x0000000000000000        0xc /home/jack/Documents/pebble-dev/PebbleSDK-3.4/Pebble/aplite/lib/libpebble.a(tmpDuxwpQpebble.o)
 .text.property_animation_update_int16
                0x0000000000000000        0xc /home/jack/Documents/pebble-dev/PebbleSDK-3.4/Pebble/aplite/lib/libpebble.a(tmpDuxwpQpebble.o)
 .text.psleep   0x0000000000000000        0xc /home/jack/Documents/pebble-dev/PebbleSDK-3.4/Pebble/aplite/lib/libpebble.a(tmpDuxwpQpebble.o)
 .text.rand     0x0000000000000000        0xc /home/jack/Documents/pebble-dev/PebbleSDK-3.4/Pebble/aplite/lib/libpebble.a(tmpDuxwpQpebble.o)
 .text.resource_get_handle
                0x0000000000000000        0xc /home/jack/Documents/pebble-dev/PebbleSDK-3.4/Pebble/aplite/lib/libpebble.a(tmpDuxwpQpebble.o)
 .text.resource_load
                0x0000000000000000        0xc /home/jack/Documents/pebble-dev/PebbleSDK-3.4/Pebble/aplite/lib/libpebble.a(tmpDuxwpQpebble.o)
 .text.resource_load_byte_range
                0x0000000000000000        0xc /home/jack/Documents/pebble-dev/PebbleSDK-3.4/Pebble/aplite/lib/libpebble.a(tmpDuxwpQpebble.o)
 .text.resource_size
                0x0000000000000000        0xc /home/jack/Documents/pebble-dev/PebbleSDK-3.4/Pebble/aplite/lib/libpebble.a(tmpDuxwpQpebble.o)
 .text.rot_bitmap_layer_create
                0x0000000000000000        0xc /home/jack/Documents/pebble-dev/PebbleSDK-3.4/Pebble/aplite/lib/libpebble.a(tmpDuxwpQpebble.o)
 .text.rot_bitmap_layer_destroy
                0x0000000000000000        0xc /home/jack/Documents/pebble-dev/PebbleSDK-3.4/Pebble/aplite/lib/libpebble.a(tmpDuxwpQpebble.o)
 .text.rot_bitmap_layer_increment_angle
                0x0000000000000000        0xc /home/jack/Documents/pebble-dev/PebbleSDK-3.4/Pebble/aplite/lib/libpebble.a(tmpDuxwpQpebble.o)
 .text.rot_bitmap_layer_set_angle
                0x0000000000000000        0xc /home/jack/Documents/pebble-dev/PebbleSDK-3.4/Pebble/aplite/lib/libpebble.a(tmpDuxwpQpebble.o)
 .text.rot_bitmap_layer_set_corner_clip_color
                0x0000000000000000        0xc /home/jack/Documents/pebble-dev/PebbleSDK-3.4/Pebble/aplite/lib/libpebble.a(tmpDuxwpQpebble.o)
 .text.rot_bitmap_set_compositing_mode
                0x0000000000000000        0xc /home/jack/Documents/pebble-dev/PebbleSDK-3.4/Pebble/aplite/lib/libpebble.a(tmpDuxwpQpebble.o)
 .text.rot_bitmap_set_src_ic
                0x0000000000000000        0xc /home/jack/Documents/pebble-dev/PebbleSDK-3.4/Pebble/aplite/lib/libpebble.a(tmpDuxwpQpebble.o)
 .text.scroll_layer_add_child
                0x0000000000000000        0xc /home/jack/Documents/pebble-dev/PebbleSDK-3.4/Pebble/aplite/lib/libpebble.a(tmpDuxwpQpebble.o)
 .text.scroll_layer_create
                0x0000000000000000        0xc /home/jack/Documents/pebble-dev/PebbleSDK-3.4/Pebble/aplite/lib/libpebble.a(tmpDuxwpQpebble.o)
 .text.scroll_layer_destroy
                0x0000000000000000        0xc /home/jack/Documents/pebble-dev/PebbleSDK-3.4/Pebble/aplite/lib/libpebble.a(tmpDuxwpQpebble.o)
 .text.scroll_layer_get_content_offset
                0x0000000000000000        0xc /home/jack/Documents/pebble-dev/PebbleSDK-3.4/Pebble/aplite/lib/libpebble.a(tmpDuxwpQpebble.o)
 .text.scroll_layer_get_content_size
                0x0000000000000000        0xc /home/jack/Documents/pebble-dev/PebbleSDK-3.4/Pebble/aplite/lib/libpebble.a(tmpDuxwpQpebble.o)
 .text.scroll_layer_get_layer
                0x0000000000000000        0xc /home/jack/Documents/pebble-dev/PebbleSDK-3.4/Pebble/aplite/lib/libpebble.a(tmpDuxwpQpebble.o)
 .text.scroll_layer_get_shadow_hidden
                0x0000000000000000        0xc /home/jack/Documents/pebble-dev/PebbleSDK-3.4/Pebble/aplite/lib/libpebble.a(tmpDuxwpQpebble.o)
 .text.scroll_layer_scroll_down_click_handler
                0x0000000000000000        0xc /home/jack/Documents/pebble-dev/PebbleSDK-3.4/Pebble/aplite/lib/libpebble.a(tmpDuxwpQpebble.o)
 .text.scroll_layer_scroll_up_click_handler
                0x0000000000000000        0xc /home/jack/Documents/pebble-dev/PebbleSDK-3.4/Pebble/aplite/lib/libpebble.a(tmpDuxwpQpebble.o)
 .text.scroll_layer_set_callbacks
                0x0000000000000000        0xc /home/jack/Documents/pebble-dev/PebbleSDK-3.4/Pebble/aplite/lib/libpebble.a(tmpDuxwpQpebble.o)
 .text.scroll_layer_set_click_config_onto_window
                0x0000000000000000        0xc /home/jack/Documents/pebble-dev/PebbleSDK-3.4/Pebble/aplite/lib/libpebble.a(tmpDuxwpQpebble.o)
 .text.scroll_layer_set_content_offset
                0x0000000000000000        0xc /home/jack/Documents/pebble-dev/PebbleSDK-3.4/Pebble/aplite/lib/libpebble.a(tmpDuxwpQpebble.o)
 .text.scroll_layer_set_content_size
                0x0000000000000000        0xc /home/jack/Documents/pebble-dev/PebbleSDK-3.4/Pebble/aplite/lib/libpebble.a(tmpDuxwpQpebble.o)
 .text.scroll_layer_set_context
                0x0000000000000000        0xc /home/jack/Documents/pebble-dev/PebbleSDK-3.4/Pebble/aplite/lib/libpebble.a(tmpDuxwpQpebble.o)
 .text.scroll_layer_set_frame
                0x0000000000000000        0xc /home/jack/Documents/pebble-dev/PebbleSDK-3.4/Pebble/aplite/lib/libpebble.a(tmpDuxwpQpebble.o)
 .text.scroll_layer_set_shadow_hidden
                0x0000000000000000        0xc /home/jack/Documents/pebble-dev/PebbleSDK-3.4/Pebble/aplite/lib/libpebble.a(tmpDuxwpQpebble.o)
 .text.simple_menu_layer_create
                0x0000000000000000        0xc /home/jack/Documents/pebble-dev/PebbleSDK-3.4/Pebble/aplite/lib/libpebble.a(tmpDuxwpQpebble.o)
 .text.simple_menu_layer_destroy
                0x0000000000000000        0xc /home/jack/Documents/pebble-dev/PebbleSDK-3.4/Pebble/aplite/lib/libpebble.a(tmpDuxwpQpebble.o)
 .text.simple_menu_layer_get_layer
                0x0000000000000000        0xc /home/jack/Documents/pebble-dev/PebbleSDK-3.4/Pebble/aplite/lib/libpebble.a(tmpDuxwpQpebble.o)
 .text.simple_menu_layer_get_selected_index
                0x0000000000000000        0xc /home/jack/Documents/pebble-dev/PebbleSDK-3.4/Pebble/aplite/lib/libpebble.a(tmpDuxwpQpebble.o)
 .text.simple_menu_layer_set_selected_index
                0x0000000000000000        0xc /home/jack/Documents/pebble-dev/PebbleSDK-3.4/Pebble/aplite/lib/libpebble.a(tmpDuxwpQpebble.o)
 .text.sin_lookup
                0x0000000000000000        0xc /home/jack/Documents/pebble-dev/PebbleSDK-3.4/Pebble/aplite/lib/libpebble.a(tmpDuxwpQpebble.o)
 .text.srand    0x0000000000000000        0xc /home/jack/Documents/pebble-dev/PebbleSDK-3.4/Pebble/aplite/lib/libpebble.a(tmpDuxwpQpebble.o)
 .text.strcmp   0x0000000000000000        0xc /home/jack/Documents/pebble-dev/PebbleSDK-3.4/Pebble/aplite/lib/libpebble.a(tmpDuxwpQpebble.o)
 .text.strlen   0x0000000000000000        0xc /home/jack/Documents/pebble-dev/PebbleSDK-3.4/Pebble/aplite/lib/libpebble.a(tmpDuxwpQpebble.o)
 .text.strncat  0x0000000000000000        0xc /home/jack/Documents/pebble-dev/PebbleSDK-3.4/Pebble/aplite/lib/libpebble.a(tmpDuxwpQpebble.o)
 .text.strncmp  0x0000000000000000        0xc /home/jack/Documents/pebble-dev/PebbleSDK-3.4/Pebble/aplite/lib/libpebble.a(tmpDuxwpQpebble.o)
 .text.strncpy  0x0000000000000000        0xc /home/jack/Documents/pebble-dev/PebbleSDK-3.4/Pebble/aplite/lib/libpebble.a(tmpDuxwpQpebble.o)
 .text.text_layer_get_content_size
                0x0000000000000000        0xc /home/jack/Documents/pebble-dev/PebbleSDK-3.4/Pebble/aplite/lib/libpebble.a(tmpDuxwpQpebble.o)
 .text.text_layer_get_text
                0x0000000000000000        0xc /home/jack/Documents/pebble-dev/PebbleSDK-3.4/Pebble/aplite/lib/libpebble.a(tmpDuxwpQpebble.o)
 .text.text_layer_set_overflow_mode
                0x0000000000000000        0xc /home/jack/Documents/pebble-dev/PebbleSDK-3.4/Pebble/aplite/lib/libpebble.a(tmpDuxwpQpebble.o)
 .text.text_layer_set_size
                0x0000000000000000        0xc /home/jack/Documents/pebble-dev/PebbleSDK-3.4/Pebble/aplite/lib/libpebble.a(tmpDuxwpQpebble.o)
 .text.tick_timer_service_unsubscribe
                0x0000000000000000        0xc /home/jack/Documents/pebble-dev/PebbleSDK-3.4/Pebble/aplite/lib/libpebble.a(tmpDuxwpQpebble.o)
 .text.time_ms  0x0000000000000000        0xc /home/jack/Documents/pebble-dev/PebbleSDK-3.4/Pebble/aplite/lib/libpebble.a(tmpDuxwpQpebble.o)
 .text.vibes_cancel
                0x0000000000000000        0xc /home/jack/Documents/pebble-dev/PebbleSDK-3.4/Pebble/aplite/lib/libpebble.a(tmpDuxwpQpebble.o)
 .text.vibes_enqueue_custom_pattern
                0x0000000000000000        0xc /home/jack/Documents/pebble-dev/PebbleSDK-3.4/Pebble/aplite/lib/libpebble.a(tmpDuxwpQpebble.o)
 .text.vibes_long_pulse
                0x0000000000000000        0xc /home/jack/Documents/pebble-dev/PebbleSDK-3.4/Pebble/aplite/lib/libpebble.a(tmpDuxwpQpebble.o)
 .text.vibes_short_pulse
                0x0000000000000000        0xc /home/jack/Documents/pebble-dev/PebbleSDK-3.4/Pebble/aplite/lib/libpebble.a(tmpDuxwpQpebble.o)
 .text.window_get_click_config_provider
                0x0000000000000000        0xc /home/jack/Documents/pebble-dev/PebbleSDK-3.4/Pebble/aplite/lib/libpebble.a(tmpDuxwpQpebble.o)
 .text.window_get_fullscreen
                0x0000000000000000        0xc /home/jack/Documents/pebble-dev/PebbleSDK-3.4/Pebble/aplite/lib/libpebble.a(tmpDuxwpQpebble.o)
 .text.window_is_loaded
                0x0000000000000000        0xc /home/jack/Documents/pebble-dev/PebbleSDK-3.4/Pebble/aplite/lib/libpebble.a(tmpDuxwpQpebble.o)
 .text.window_set_click_config_provider
                0x0000000000000000        0xc /home/jack/Documents/pebble-dev/PebbleSDK-3.4/Pebble/aplite/lib/libpebble.a(tmpDuxwpQpebble.o)
 .text.window_set_click_config_provider_with_context
                0x0000000000000000        0xc /home/jack/Documents/pebble-dev/PebbleSDK-3.4/Pebble/aplite/lib/libpebble.a(tmpDuxwpQpebble.o)
 .text.window_set_fullscreen
                0x0000000000000000        0xc /home/jack/Documents/pebble-dev/PebbleSDK-3.4/Pebble/aplite/lib/libpebble.a(tmpDuxwpQpebble.o)
 .text.window_set_status_bar_icon
                0x0000000000000000        0xc /home/jack/Documents/pebble-dev/PebbleSDK-3.4/Pebble/aplite/lib/libpebble.a(tmpDuxwpQpebble.o)
 .text.window_stack_contains_window
                0x0000000000000000        0xc /home/jack/Documents/pebble-dev/PebbleSDK-3.4/Pebble/aplite/lib/libpebble.a(tmpDuxwpQpebble.o)
 .text.window_stack_get_top_window
                0x0000000000000000        0xc /home/jack/Documents/pebble-dev/PebbleSDK-3.4/Pebble/aplite/lib/libpebble.a(tmpDuxwpQpebble.o)
 .text.window_stack_pop
                0x0000000000000000        0xc /home/jack/Documents/pebble-dev/PebbleSDK-3.4/Pebble/aplite/lib/libpebble.a(tmpDuxwpQpebble.o)
 .text.window_stack_pop_all
                0x0000000000000000        0xc /home/jack/Documents/pebble-dev/PebbleSDK-3.4/Pebble/aplite/lib/libpebble.a(tmpDuxwpQpebble.o)
 .text.window_stack_remove
                0x0000000000000000        0xc /home/jack/Documents/pebble-dev/PebbleSDK-3.4/Pebble/aplite/lib/libpebble.a(tmpDuxwpQpebble.o)
 .text.app_focus_service_subscribe
                0x0000000000000000        0xc /home/jack/Documents/pebble-dev/PebbleSDK-3.4/Pebble/aplite/lib/libpebble.a(tmpDuxwpQpebble.o)
 .text.app_focus_service_unsubscribe
                0x0000000000000000        0xc /home/jack/Documents/pebble-dev/PebbleSDK-3.4/Pebble/aplite/lib/libpebble.a(tmpDuxwpQpebble.o)
 .text.window_get_user_data
                0x0000000000000000        0xc /home/jack/Documents/pebble-dev/PebbleSDK-3.4/Pebble/aplite/lib/libpebble.a(tmpDuxwpQpebble.o)
 .text.window_set_user_data
                0x0000000000000000        0xc /home/jack/Documents/pebble-dev/PebbleSDK-3.4/Pebble/aplite/lib/libpebble.a(tmpDuxwpQpebble.o)
 .text.app_message_get_context
                0x0000000000000000        0xc /home/jack/Documents/pebble-dev/PebbleSDK-3.4/Pebble/aplite/lib/libpebble.a(tmpDuxwpQpebble.o)
 .text.app_message_set_context
                0x0000000000000000        0xc /home/jack/Documents/pebble-dev/PebbleSDK-3.4/Pebble/aplite/lib/libpebble.a(tmpDuxwpQpebble.o)
 .text.window_long_click_subscribe
                0x0000000000000000        0xc /home/jack/Documents/pebble-dev/PebbleSDK-3.4/Pebble/aplite/lib/libpebble.a(tmpDuxwpQpebble.o)
 .text.window_multi_click_subscribe
                0x0000000000000000        0xc /home/jack/Documents/pebble-dev/PebbleSDK-3.4/Pebble/aplite/lib/libpebble.a(tmpDuxwpQpebble.o)
 .text.window_raw_click_subscribe
                0x0000000000000000        0xc /home/jack/Documents/pebble-dev/PebbleSDK-3.4/Pebble/aplite/lib/libpebble.a(tmpDuxwpQpebble.o)
 .text.window_set_click_context
                0x0000000000000000        0xc /home/jack/Documents/pebble-dev/PebbleSDK-3.4/Pebble/aplite/lib/libpebble.a(tmpDuxwpQpebble.o)
 .text.window_single_click_subscribe
                0x0000000000000000        0xc /home/jack/Documents/pebble-dev/PebbleSDK-3.4/Pebble/aplite/lib/libpebble.a(tmpDuxwpQpebble.o)
 .text.window_single_repeating_click_subscribe
                0x0000000000000000        0xc /home/jack/Documents/pebble-dev/PebbleSDK-3.4/Pebble/aplite/lib/libpebble.a(tmpDuxwpQpebble.o)
 .text.graphics_draw_text
                0x0000000000000000        0xc /home/jack/Documents/pebble-dev/PebbleSDK-3.4/Pebble/aplite/lib/libpebble.a(tmpDuxwpQpebble.o)
 .text.dict_serialize_tuplets_to_buffer
                0x0000000000000000        0xc /home/jack/Documents/pebble-dev/PebbleSDK-3.4/Pebble/aplite/lib/libpebble.a(tmpDuxwpQpebble.o)
 .text.persist_read_data
                0x0000000000000000        0xc /home/jack/Documents/pebble-dev/PebbleSDK-3.4/Pebble/aplite/lib/libpebble.a(tmpDuxwpQpebble.o)
 .text.persist_write_data
                0x0000000000000000        0xc /home/jack/Documents/pebble-dev/PebbleSDK-3.4/Pebble/aplite/lib/libpebble.a(tmpDuxwpQpebble.o)
 .text.dict_size
                0x0000000000000000        0xc /home/jack/Documents/pebble-dev/PebbleSDK-3.4/Pebble/aplite/lib/libpebble.a(tmpDuxwpQpebble.o)
 .text.graphics_text_layout_get_content_size
                0x0000000000000000        0xc /home/jack/Documents/pebble-dev/PebbleSDK-3.4/Pebble/aplite/lib/libpebble.a(tmpDuxwpQpebble.o)
 .text.simple_menu_layer_get_menu_layer
                0x0000000000000000        0xc /home/jack/Documents/pebble-dev/PebbleSDK-3.4/Pebble/aplite/lib/libpebble.a(tmpDuxwpQpebble.o)
 .text.accel_data_service_subscribe
                0x0000000000000000        0xc /home/jack/Documents/pebble-dev/PebbleSDK-3.4/Pebble/aplite/lib/libpebble.a(tmpDuxwpQpebble.o)
 .text.calloc   0x0000000000000000        0xc /home/jack/Documents/pebble-dev/PebbleSDK-3.4/Pebble/aplite/lib/libpebble.a(tmpDuxwpQpebble.o)
 .text.bitmap_layer_get_bitmap
                0x0000000000000000        0xc /home/jack/Documents/pebble-dev/PebbleSDK-3.4/Pebble/aplite/lib/libpebble.a(tmpDuxwpQpebble.o)
 .text.menu_layer_set_callbacks
                0x0000000000000000        0xc /home/jack/Documents/pebble-dev/PebbleSDK-3.4/Pebble/aplite/lib/libpebble.a(tmpDuxwpQpebble.o)
 .text.window_get_click_config_context
                0x0000000000000000        0xc /home/jack/Documents/pebble-dev/PebbleSDK-3.4/Pebble/aplite/lib/libpebble.a(tmpDuxwpQpebble.o)
 .text.number_window_get_window
                0x0000000000000000        0xc /home/jack/Documents/pebble-dev/PebbleSDK-3.4/Pebble/aplite/lib/libpebble.a(tmpDuxwpQpebble.o)
 .text.realloc  0x0000000000000000        0xc /home/jack/Documents/pebble-dev/PebbleSDK-3.4/Pebble/aplite/lib/libpebble.a(tmpDuxwpQpebble.o)
 .text.__gbitmap_create_blank
                0x0000000000000000        0xc /home/jack/Documents/pebble-dev/PebbleSDK-3.4/Pebble/aplite/lib/libpebble.a(tmpDuxwpQpebble.o)
 .text.click_recognizer_is_repeating
                0x0000000000000000        0xc /home/jack/Documents/pebble-dev/PebbleSDK-3.4/Pebble/aplite/lib/libpebble.a(tmpDuxwpQpebble.o)
 .text.accel_raw_data_service_subscribe
                0x0000000000000000        0xc /home/jack/Documents/pebble-dev/PebbleSDK-3.4/Pebble/aplite/lib/libpebble.a(tmpDuxwpQpebble.o)
 .text.app_worker_is_running
                0x0000000000000000        0xc /home/jack/Documents/pebble-dev/PebbleSDK-3.4/Pebble/aplite/lib/libpebble.a(tmpDuxwpQpebble.o)
 .text.app_worker_kill
                0x0000000000000000        0xc /home/jack/Documents/pebble-dev/PebbleSDK-3.4/Pebble/aplite/lib/libpebble.a(tmpDuxwpQpebble.o)
 .text.app_worker_launch
                0x0000000000000000        0xc /home/jack/Documents/pebble-dev/PebbleSDK-3.4/Pebble/aplite/lib/libpebble.a(tmpDuxwpQpebble.o)
 .text.app_worker_message_subscribe
                0x0000000000000000        0xc /home/jack/Documents/pebble-dev/PebbleSDK-3.4/Pebble/aplite/lib/libpebble.a(tmpDuxwpQpebble.o)
 .text.app_worker_message_unsubscribe
                0x0000000000000000        0xc /home/jack/Documents/pebble-dev/PebbleSDK-3.4/Pebble/aplite/lib/libpebble.a(tmpDuxwpQpebble.o)
 .text.app_worker_send_message
                0x0000000000000000        0xc /home/jack/Documents/pebble-dev/PebbleSDK-3.4/Pebble/aplite/lib/libpebble.a(tmpDuxwpQpebble.o)
 .text.worker_event_loop
                0x0000000000000000        0xc /home/jack/Documents/pebble-dev/PebbleSDK-3.4/Pebble/aplite/lib/libpebble.a(tmpDuxwpQpebble.o)
 .text.worker_launch_app
                0x0000000000000000        0xc /home/jack/Documents/pebble-dev/PebbleSDK-3.4/Pebble/aplite/lib/libpebble.a(tmpDuxwpQpebble.o)
 .text.heap_bytes_free
                0x0000000000000000        0xc /home/jack/Documents/pebble-dev/PebbleSDK-3.4/Pebble/aplite/lib/libpebble.a(tmpDuxwpQpebble.o)
 .text.heap_bytes_used
                0x0000000000000000        0xc /home/jack/Documents/pebble-dev/PebbleSDK-3.4/Pebble/aplite/lib/libpebble.a(tmpDuxwpQpebble.o)
 .text.compass_service_peek
                0x0000000000000000        0xc /home/jack/Documents/pebble-dev/PebbleSDK-3.4/Pebble/aplite/lib/libpebble.a(tmpDuxwpQpebble.o)
 .text.compass_service_set_heading_filter
                0x0000000000000000        0xc /home/jack/Documents/pebble-dev/PebbleSDK-3.4/Pebble/aplite/lib/libpebble.a(tmpDuxwpQpebble.o)
 .text.compass_service_subscribe
                0x0000000000000000        0xc /home/jack/Documents/pebble-dev/PebbleSDK-3.4/Pebble/aplite/lib/libpebble.a(tmpDuxwpQpebble.o)
 .text.compass_service_unsubscribe
                0x0000000000000000        0xc /home/jack/Documents/pebble-dev/PebbleSDK-3.4/Pebble/aplite/lib/libpebble.a(tmpDuxwpQpebble.o)
 .text.uuid_equal
                0x0000000000000000        0xc /home/jack/Documents/pebble-dev/PebbleSDK-3.4/Pebble/aplite/lib/libpebble.a(tmpDuxwpQpebble.o)
 .text.uuid_to_string
                0x0000000000000000        0xc /home/jack/Documents/pebble-dev/PebbleSDK-3.4/Pebble/aplite/lib/libpebble.a(tmpDuxwpQpebble.o)
 .text.gpath_draw_filled
                0x0000000000000000        0xc /home/jack/Documents/pebble-dev/PebbleSDK-3.4/Pebble/aplite/lib/libpebble.a(tmpDuxwpQpebble.o)
 .text.animation_set_custom_curve
                0x0000000000000000        0xc /home/jack/Documents/pebble-dev/PebbleSDK-3.4/Pebble/aplite/lib/libpebble.a(tmpDuxwpQpebble.o)
 .text.watch_info_get_color
                0x0000000000000000        0xc /home/jack/Documents/pebble-dev/PebbleSDK-3.4/Pebble/aplite/lib/libpebble.a(tmpDuxwpQpebble.o)
 .text.watch_info_get_firmware_version
                0x0000000000000000        0xc /home/jack/Documents/pebble-dev/PebbleSDK-3.4/Pebble/aplite/lib/libpebble.a(tmpDuxwpQpebble.o)
 .text.watch_info_get_model
                0x0000000000000000        0xc /home/jack/Documents/pebble-dev/PebbleSDK-3.4/Pebble/aplite/lib/libpebble.a(tmpDuxwpQpebble.o)
 .text.graphics_capture_frame_buffer
                0x0000000000000000        0xc /home/jack/Documents/pebble-dev/PebbleSDK-3.4/Pebble/aplite/lib/libpebble.a(tmpDuxwpQpebble.o)
 .text.graphics_frame_buffer_is_captured
                0x0000000000000000        0xc /home/jack/Documents/pebble-dev/PebbleSDK-3.4/Pebble/aplite/lib/libpebble.a(tmpDuxwpQpebble.o)
 .text.graphics_release_frame_buffer
                0x0000000000000000        0xc /home/jack/Documents/pebble-dev/PebbleSDK-3.4/Pebble/aplite/lib/libpebble.a(tmpDuxwpQpebble.o)
 .text.clock_to_timestamp
                0x0000000000000000        0xc /home/jack/Documents/pebble-dev/PebbleSDK-3.4/Pebble/aplite/lib/libpebble.a(tmpDuxwpQpebble.o)
 .text.launch_reason
                0x0000000000000000        0xc /home/jack/Documents/pebble-dev/PebbleSDK-3.4/Pebble/aplite/lib/libpebble.a(tmpDuxwpQpebble.o)
 .text.wakeup_cancel
                0x0000000000000000        0xc /home/jack/Documents/pebble-dev/PebbleSDK-3.4/Pebble/aplite/lib/libpebble.a(tmpDuxwpQpebble.o)
 .text.wakeup_cancel_all
                0x0000000000000000        0xc /home/jack/Documents/pebble-dev/PebbleSDK-3.4/Pebble/aplite/lib/libpebble.a(tmpDuxwpQpebble.o)
 .text.wakeup_get_launch_event
                0x0000000000000000        0xc /home/jack/Documents/pebble-dev/PebbleSDK-3.4/Pebble/aplite/lib/libpebble.a(tmpDuxwpQpebble.o)
 .text.wakeup_query
                0x0000000000000000        0xc /home/jack/Documents/pebble-dev/PebbleSDK-3.4/Pebble/aplite/lib/libpebble.a(tmpDuxwpQpebble.o)
 .text.wakeup_schedule
                0x0000000000000000        0xc /home/jack/Documents/pebble-dev/PebbleSDK-3.4/Pebble/aplite/lib/libpebble.a(tmpDuxwpQpebble.o)
 .text.wakeup_service_subscribe
                0x0000000000000000        0xc /home/jack/Documents/pebble-dev/PebbleSDK-3.4/Pebble/aplite/lib/libpebble.a(tmpDuxwpQpebble.o)
 .text.clock_is_timezone_set
                0x0000000000000000        0xc /home/jack/Documents/pebble-dev/PebbleSDK-3.4/Pebble/aplite/lib/libpebble.a(tmpDuxwpQpebble.o)
 .text.i18n_get_system_locale
                0x0000000000000000        0xc /home/jack/Documents/pebble-dev/PebbleSDK-3.4/Pebble/aplite/lib/libpebble.a(tmpDuxwpQpebble.o)
 .text._localeconv_r
                0x0000000000000000        0xc /home/jack/Documents/pebble-dev/PebbleSDK-3.4/Pebble/aplite/lib/libpebble.a(tmpDuxwpQpebble.o)
 .text.setlocale
                0x0000000000000000        0xc /home/jack/Documents/pebble-dev/PebbleSDK-3.4/Pebble/aplite/lib/libpebble.a(tmpDuxwpQpebble.o)
 .text.mktime   0x0000000000000000        0xc /home/jack/Documents/pebble-dev/PebbleSDK-3.4/Pebble/aplite/lib/libpebble.a(tmpDuxwpQpebble.o)
 .bss           0x0000000000000000        0x0 /home/jack/Documents/pebble-dev/PebbleSDK-3.4/arm-cs-tools/bin/../lib/gcc/arm-none-eabi/4.7.2/thumb2/libgcc.a(_arm_addsubdf3.o)
 .bss           0x0000000000000000        0x0 /home/jack/Documents/pebble-dev/PebbleSDK-3.4/arm-cs-tools/bin/../lib/gcc/arm-none-eabi/4.7.2/thumb2/libgcc.a(_arm_fixdfsi.o)
 .bss           0x0000000000000000        0x0 /home/jack/Documents/pebble-dev/PebbleSDK-3.4/arm-cs-tools/bin/../lib/gcc/arm-none-eabi/4.7.2/thumb2/libgcc.a(_arm_addsubsf3.o)
 .bss           0x0000000000000000        0x0 /home/jack/Documents/pebble-dev/PebbleSDK-3.4/arm-cs-tools/bin/../lib/gcc/arm-none-eabi/4.7.2/thumb2/libgcc.a(_arm_muldivsf3.o)
 .bss           0x0000000000000000        0x0 /home/jack/Documents/pebble-dev/PebbleSDK-3.4/arm-cs-tools/bin/../lib/gcc/arm-none-eabi/4.7.2/thumb2/libgcc.a(_arm_fixsfsi.o)
 .text          0x0000000000000000        0x0 /home/jack/Documents/pebble-dev/PebbleSDK-3.4/arm-cs-tools/bin/../lib/gcc/arm-none-eabi/4.7.2/thumb2/crtend.o
 .bss           0x0000000000000000        0x0 /home/jack/Documents/pebble-dev/PebbleSDK-3.4/arm-cs-tools/bin/../lib/gcc/arm-none-eabi/4.7.2/thumb2/crtend.o
 .eh_frame      0x0000000000000000        0x4 /home/jack/Documents/pebble-dev/PebbleSDK-3.4/arm-cs-tools/bin/../lib/gcc/arm-none-eabi/4.7.2/thumb2/crtend.o
 .jcr           0x0000000000000000        0x4 /home/jack/Documents/pebble-dev/PebbleSDK-3.4/arm-cs-tools/bin/../lib/gcc/arm-none-eabi/4.7.2/thumb2/crtend.o
 .tm_clone_table
                0x0000000000000000        0x0 /home/jack/Documents/pebble-dev/PebbleSDK-3.4/arm-cs-tools/bin/../lib/gcc/arm-none-eabi/4.7.2/thumb2/crtend.o
 .text          0x0000000000000000        0x0 /home/jack/Documents/pebble-dev/PebbleSDK-3.4/arm-cs-tools/bin/../lib/gcc/arm-none-eabi/4.7.2/thumb2/crtn.o
 .bss           0x0000000000000000        0x0 /home/jack/Documents/pebble-dev/PebbleSDK-3.4/arm-cs-tools/bin/../lib/gcc/arm-none-eabi/4.7.2/thumb2/crtn.o
 .init          0x0000000000000000        0x8 /home/jack/Documents/pebble-dev/PebbleSDK-3.4/arm-cs-tools/bin/../lib/gcc/arm-none-eabi/4.7.2/thumb2/crtn.o
 .fini          0x0000000000000000        0x8 /home/jack/Documents/pebble-dev/PebbleSDK-3.4/arm-cs-tools/bin/../lib/gcc/arm-none-eabi/4.7.2/thumb2/crtn.o

Memory Configuration

Name             Origin             Length             Attributes
APP              0x0000000000000000 0x0000000000006000 xrw
*default*        0x0000000000000000 0xffffffffffffffff

Linker script and memory map

LOAD /home/jack/Documents/pebble-dev/PebbleSDK-3.4/arm-cs-tools/bin/../lib/gcc/arm-none-eabi/4.7.2/thumb2/crti.o
LOAD /home/jack/Documents/pebble-dev/PebbleSDK-3.4/arm-cs-tools/bin/../lib/gcc/arm-none-eabi/4.7.2/thumb2/crtbegin.o
LOAD src/festive-time.c.11.o
LOAD aplite/appinfo.auto.c.11.o
LOAD /home/jack/Documents/pebble-dev/PebbleSDK-3.4/Pebble/aplite/lib/libpebble.a
START GROUP
LOAD /home/jack/Documents/pebble-dev/PebbleSDK-3.4/arm-cs-tools/bin/../lib/gcc/arm-none-eabi/4.7.2/thumb2/libgcc.a
LOAD /home/jack/Documents/pebble-dev/PebbleSDK-3.4/arm-cs-tools/bin/../lib/gcc/arm-none-eabi/4.7.2/../../../../arm-none-eabi/lib/thumb2/libc.a
END GROUP
LOAD /home/jack/Documents/pebble-dev/PebbleSDK-3.4/arm-cs-tools/bin/../lib/gcc/arm-none-eabi/4.7.2/thumb2/crtend.o
LOAD /home/jack/Documents/pebble-dev/PebbleSDK-3.4/arm-cs-tools/bin/../lib/gcc/arm-none-eabi/4.7.2/thumb2/crtn.o

.header         0x0000000000000000       0x82
 *(.pbl_header)
 .pbl_header    0x0000000000000000       0x82 aplite/appinfo.auto.c.11.o
                0x0000000000000000                __pbl_app_info

.note.gnu.build-id
                0x0000000000000082       0x26
                0x0000000000000082                PROVIDE (BUILD_ID, .)
 *(.note.gnu.build-id)
 *fill*         0x0000000000000082        0x2 
 .note.gnu.build-id
                0x0000000000000084       0x24 linker stubs

.text           0x00000000000000a8     0x1862
 *(.text)
 .text          0x00000000000000a8       0x14 /home/jack/Documents/pebble-dev/PebbleSDK-3.4/Pebble/aplite/lib/libpebble.a(tmpDuxwpQpebble.o)
 .text          0x00000000000000bc      0x370 /home/jack/Documents/pebble-dev/PebbleSDK-3.4/arm-cs-tools/bin/../lib/gcc/arm-none-eabi/4.7.2/thumb2/libgcc.a(_arm_addsubdf3.o)
                0x00000000000000bc                __aeabi_drsub
                0x00000000000000c4                __aeabi_dsub
                0x00000000000000c4                __subdf3
                0x00000000000000c8                __adddf3
                0x00000000000000c8                __aeabi_dadd
                0x0000000000000340                __aeabi_ui2d
                0x0000000000000340                __floatunsidf
                0x0000000000000360                __floatsidf
                0x0000000000000360                __aeabi_i2d
                0x0000000000000384                __extendsfdf2
                0x0000000000000384                __aeabi_f2d
                0x00000000000003c0                __aeabi_ul2d
                0x00000000000003c0                __floatundidf
                0x00000000000003d0                __floatdidf
                0x00000000000003d0                __aeabi_l2d
 .text          0x000000000000042c       0x50 /home/jack/Documents/pebble-dev/PebbleSDK-3.4/arm-cs-tools/bin/../lib/gcc/arm-none-eabi/4.7.2/thumb2/libgcc.a(_arm_fixdfsi.o)
                0x000000000000042c                __fixdfsi
                0x000000000000042c                __aeabi_d2iz
 .text          0x000000000000047c      0x21c /home/jack/Documents/pebble-dev/PebbleSDK-3.4/arm-cs-tools/bin/../lib/gcc/arm-none-eabi/4.7.2/thumb2/libgcc.a(_arm_addsubsf3.o)
                0x000000000000047c                __aeabi_frsub
                0x0000000000000484                __subsf3
                0x0000000000000484                __aeabi_fsub
                0x0000000000000488                __aeabi_fadd
                0x0000000000000488                __addsf3
                0x00000000000005e8                __aeabi_ui2f
                0x00000000000005e8                __floatunsisf
                0x00000000000005f0                __aeabi_i2f
                0x00000000000005f0                __floatsisf
                0x000000000000060c                __floatundisf
                0x000000000000060c                __aeabi_ul2f
                0x000000000000061c                __floatdisf
                0x000000000000061c                __aeabi_l2f
 .text          0x0000000000000698      0x2a0 /home/jack/Documents/pebble-dev/PebbleSDK-3.4/arm-cs-tools/bin/../lib/gcc/arm-none-eabi/4.7.2/thumb2/libgcc.a(_arm_muldivsf3.o)
                0x0000000000000698                __mulsf3
                0x0000000000000698                __aeabi_fmul
                0x0000000000000800                __divsf3
                0x0000000000000800                __aeabi_fdiv
 .text          0x0000000000000938       0x4c /home/jack/Documents/pebble-dev/PebbleSDK-3.4/arm-cs-tools/bin/../lib/gcc/arm-none-eabi/4.7.2/thumb2/libgcc.a(_arm_fixsfsi.o)
                0x0000000000000938                __fixsfsi
                0x0000000000000938                __aeabi_f2iz
 *(.text.*)
 .text.outbox_sent_callback
                0x0000000000000984       0x1c src/festive-time.c.11.o
 .text.outbox_failed_callback
                0x00000000000009a0       0x1c src/festive-time.c.11.o
 .text.inbox_dropped_callback
                0x00000000000009bc       0x1c src/festive-time.c.11.o
 .text.update_time
                0x00000000000009d8       0x90 src/festive-time.c.11.o
 .text.update_temperature
                0x0000000000000a68       0xd8 src/festive-time.c.11.o
 .text.inbox_received_callback
                0x0000000000000b40       0xd8 src/festive-time.c.11.o
 .text.battery_callback
                0x0000000000000c18       0x20 src/festive-time.c.11.o
 .text.bluetooth_callback
                0x0000000000000c38       0x24 src/festive-time.c.11.o
 .text.window_unload
                0x0000000000000c5c       0x94 src/festive-time.c.11.o
 .text.window_load
                0x0000000000000cf0      0x304 src/festive-time.c.11.o
 .text.divider_update_proc
                0x0000000000000ff4       0x2c src/festive-time.c.11.o
 .text.battery_update_proc
                0x0000000000001020       0xb4 src/festive-time.c.11.o
 .text.normalWeekday
                0x00000000000010d4       0x74 src/festive-time.c.11.o
 .text.update_image
                0x0000000000001148      0x17c src/festive-time.c.11.o
 .text.tick_handler
                0x00000000000012c4       0x58 src/festive-time.c.11.o
 .text.startup.main
                0x000000000000131c      0x118 src/festive-time.c.11.o
                0x000000000000131c                main
 .text.app_event_loop
                0x0000000000001434        0xc /home/jack/Documents/pebble-dev/PebbleSDK-3.4/Pebble/aplite/lib/libpebble.a(tmpDuxwpQpebble.o)
                0x0000000000001434                app_event_loop
 .text.app_log  0x0000000000001440        0xc /home/jack/Documents/pebble-dev/PebbleSDK-3.4/Pebble/aplite/lib/libpebble.a(tmpDuxwpQpebble.o)
                0x0000000000001440                app_log
 .text.app_message_open
                0x000000000000144c        0xc /home/jack/Documents/pebble-dev/PebbleSDK-3.4/Pebble/aplite/lib/libpebble.a(tmpDuxwpQpebble.o)
                0x000000000000144c                app_message_open
 .text.atoi     0x0000000000001458        0xc /home/jack/Documents/pebble-dev/PebbleSDK-3.4/Pebble/aplite/lib/libpebble.a(tmpDuxwpQpebble.o)
                0x0000000000001458                atoi
 .text.battery_state_service_peek
                0x0000000000001464        0xc /home/jack/Documents/pebble-dev/PebbleSDK-3.4/Pebble/aplite/lib/libpebble.a(tmpDuxwpQpebble.o)
                0x0000000000001464                battery_state_service_peek
 .text.battery_state_service_subscribe
                0x0000000000001470        0xc /home/jack/Documents/pebble-dev/PebbleSDK-3.4/Pebble/aplite/lib/libpebble.a(tmpDuxwpQpebble.o)
                0x0000000000001470                battery_state_service_subscribe
 .text.bitmap_layer_create
                0x000000000000147c        0xc /home/jack/Documents/pebble-dev/PebbleSDK-3.4/Pebble/aplite/lib/libpebble.a(tmpDuxwpQpebble.o)
                0x000000000000147c                bitmap_layer_create
 .text.bitmap_layer_destroy
                0x0000000000001488        0xc /home/jack/Documents/pebble-dev/PebbleSDK-3.4/Pebble/aplite/lib/libpebble.a(tmpDuxwpQpebble.o)
                0x0000000000001488                bitmap_layer_destroy
 .text.bitmap_layer_get_layer
                0x0000000000001494        0xc /home/jack/Documents/pebble-dev/PebbleSDK-3.4/Pebble/aplite/lib/libpebble.a(tmpDuxwpQpebble.o)
                0x0000000000001494                bitmap_layer_get_layer
 .text.bitmap_layer_set_bitmap
                0x00000000000014a0        0xc /home/jack/Documents/pebble-dev/PebbleSDK-3.4/Pebble/aplite/lib/libpebble.a(tmpDuxwpQpebble.o)
                0x00000000000014a0                bitmap_layer_set_bitmap
 .text.bluetooth_connection_service_peek
                0x00000000000014ac        0xc /home/jack/Documents/pebble-dev/PebbleSDK-3.4/Pebble/aplite/lib/libpebble.a(tmpDuxwpQpebble.o)
                0x00000000000014ac                bluetooth_connection_service_peek
 .text.bluetooth_connection_service_subscribe
                0x00000000000014b8        0xc /home/jack/Documents/pebble-dev/PebbleSDK-3.4/Pebble/aplite/lib/libpebble.a(tmpDuxwpQpebble.o)
                0x00000000000014b8                bluetooth_connection_service_subscribe
 .text.dict_read_first
                0x00000000000014c4        0xc /home/jack/Documents/pebble-dev/PebbleSDK-3.4/Pebble/aplite/lib/libpebble.a(tmpDuxwpQpebble.o)
                0x00000000000014c4                dict_read_first
 .text.dict_read_next
                0x00000000000014d0        0xc /home/jack/Documents/pebble-dev/PebbleSDK-3.4/Pebble/aplite/lib/libpebble.a(tmpDuxwpQpebble.o)
                0x00000000000014d0                dict_read_next
 .text.dict_write_uint8
                0x00000000000014dc        0xc /home/jack/Documents/pebble-dev/PebbleSDK-3.4/Pebble/aplite/lib/libpebble.a(tmpDuxwpQpebble.o)
                0x00000000000014dc                dict_write_uint8
 .text.fonts_get_system_font
                0x00000000000014e8        0xc /home/jack/Documents/pebble-dev/PebbleSDK-3.4/Pebble/aplite/lib/libpebble.a(tmpDuxwpQpebble.o)
                0x00000000000014e8                fonts_get_system_font
 .text.gbitmap_create_with_resource
                0x00000000000014f4        0xc /home/jack/Documents/pebble-dev/PebbleSDK-3.4/Pebble/aplite/lib/libpebble.a(tmpDuxwpQpebble.o)
                0x00000000000014f4                gbitmap_create_with_resource
 .text.gbitmap_destroy
                0x0000000000001500        0xc /home/jack/Documents/pebble-dev/PebbleSDK-3.4/Pebble/aplite/lib/libpebble.a(tmpDuxwpQpebble.o)
                0x0000000000001500                gbitmap_destroy
 .text.graphics_context_set_fill_color
                0x000000000000150c        0xc /home/jack/Documents/pebble-dev/PebbleSDK-3.4/Pebble/aplite/lib/libpebble.a(tmpDuxwpQpebble.o)
                0x000000000000150c                graphics_context_set_fill_color
 .text.graphics_fill_rect
                0x0000000000001518        0xc /home/jack/Documents/pebble-dev/PebbleSDK-3.4/Pebble/aplite/lib/libpebble.a(tmpDuxwpQpebble.o)
                0x0000000000001518                graphics_fill_rect
 .text.layer_add_child
                0x0000000000001524        0xc /home/jack/Documents/pebble-dev/PebbleSDK-3.4/Pebble/aplite/lib/libpebble.a(tmpDuxwpQpebble.o)
                0x0000000000001524                layer_add_child
 .text.layer_create
                0x0000000000001530        0xc /home/jack/Documents/pebble-dev/PebbleSDK-3.4/Pebble/aplite/lib/libpebble.a(tmpDuxwpQpebble.o)
                0x0000000000001530                layer_create
 .text.layer_destroy
                0x000000000000153c        0xc /home/jack/Documents/pebble-dev/PebbleSDK-3.4/Pebble/aplite/lib/libpebble.a(tmpDuxwpQpebble.o)
                0x000000000000153c                layer_destroy
 .text.layer_get_bounds
                0x0000000000001548        0xc /home/jack/Documents/pebble-dev/PebbleSDK-3.4/Pebble/aplite/lib/libpebble.a(tmpDuxwpQpebble.o)
                0x0000000000001548                layer_get_bounds
 .text.layer_mark_dirty
                0x0000000000001554        0xc /home/jack/Documents/pebble-dev/PebbleSDK-3.4/Pebble/aplite/lib/libpebble.a(tmpDuxwpQpebble.o)
                0x0000000000001554                layer_mark_dirty
 .text.layer_set_hidden
                0x0000000000001560        0xc /home/jack/Documents/pebble-dev/PebbleSDK-3.4/Pebble/aplite/lib/libpebble.a(tmpDuxwpQpebble.o)
                0x0000000000001560                layer_set_hidden
 .text.layer_set_update_proc
                0x000000000000156c        0xc /home/jack/Documents/pebble-dev/PebbleSDK-3.4/Pebble/aplite/lib/libpebble.a(tmpDuxwpQpebble.o)
                0x000000000000156c                layer_set_update_proc
 .text.localtime
                0x0000000000001578        0xc /home/jack/Documents/pebble-dev/PebbleSDK-3.4/Pebble/aplite/lib/libpebble.a(tmpDuxwpQpebble.o)
                0x0000000000001578                localtime
 .text.memset   0x0000000000001584        0xc /home/jack/Documents/pebble-dev/PebbleSDK-3.4/Pebble/aplite/lib/libpebble.a(tmpDuxwpQpebble.o)
                0x0000000000001584                memset
 .text.persist_read_bool
                0x0000000000001590        0xc /home/jack/Documents/pebble-dev/PebbleSDK-3.4/Pebble/aplite/lib/libpebble.a(tmpDuxwpQpebble.o)
                0x0000000000001590                persist_read_bool
 .text.persist_write_int
                0x000000000000159c        0xc /home/jack/Documents/pebble-dev/PebbleSDK-3.4/Pebble/aplite/lib/libpebble.a(tmpDuxwpQpebble.o)
                0x000000000000159c                persist_write_int
 .text.persist_write_string
                0x00000000000015a8        0xc /home/jack/Documents/pebble-dev/PebbleSDK-3.4/Pebble/aplite/lib/libpebble.a(tmpDuxwpQpebble.o)
                0x00000000000015a8                persist_write_string
 .text.snprintf
                0x00000000000015b4        0xc /home/jack/Documents/pebble-dev/PebbleSDK-3.4/Pebble/aplite/lib/libpebble.a(tmpDuxwpQpebble.o)
                0x00000000000015b4                snprintf
 .text.strcat   0x00000000000015c0        0xc /home/jack/Documents/pebble-dev/PebbleSDK-3.4/Pebble/aplite/lib/libpebble.a(tmpDuxwpQpebble.o)
                0x00000000000015c0                strcat
 .text.strcpy   0x00000000000015cc        0xc /home/jack/Documents/pebble-dev/PebbleSDK-3.4/Pebble/aplite/lib/libpebble.a(tmpDuxwpQpebble.o)
                0x00000000000015cc                strcpy
 .text.strftime
                0x00000000000015d8        0xc /home/jack/Documents/pebble-dev/PebbleSDK-3.4/Pebble/aplite/lib/libpebble.a(tmpDuxwpQpebble.o)
                0x00000000000015d8                strftime
 .text.text_layer_create
                0x00000000000015e4        0xc /home/jack/Documents/pebble-dev/PebbleSDK-3.4/Pebble/aplite/lib/libpebble.a(tmpDuxwpQpebble.o)
                0x00000000000015e4                text_layer_create
 .text.text_layer_destroy
                0x00000000000015f0        0xc /home/jack/Documents/pebble-dev/PebbleSDK-3.4/Pebble/aplite/lib/libpebble.a(tmpDuxwpQpebble.o)
                0x00000000000015f0                text_layer_destroy
 .text.text_layer_get_layer
                0x00000000000015fc        0xc /home/jack/Documents/pebble-dev/PebbleSDK-3.4/Pebble/aplite/lib/libpebble.a(tmpDuxwpQpebble.o)
                0x00000000000015fc                text_layer_get_layer
 .text.text_layer_set_background_color
                0x0000000000001608        0xc /home/jack/Documents/pebble-dev/PebbleSDK-3.4/Pebble/aplite/lib/libpebble.a(tmpDuxwpQpebble.o)
                0x0000000000001608                text_layer_set_background_color
 .text.text_layer_set_font
                0x0000000000001614        0xc /home/jack/Documents/pebble-dev/PebbleSDK-3.4/Pebble/aplite/lib/libpebble.a(tmpDuxwpQpebble.o)
                0x0000000000001614                text_layer_set_font
 .text.text_layer_set_text
                0x0000000000001620        0xc /home/jack/Documents/pebble-dev/PebbleSDK-3.4/Pebble/aplite/lib/libpebble.a(tmpDuxwpQpebble.o)
                0x0000000000001620                text_layer_set_text
 .text.text_layer_set_text_alignment
                0x000000000000162c        0xc /home/jack/Documents/pebble-dev/PebbleSDK-3.4/Pebble/aplite/lib/libpebble.a(tmpDuxwpQpebble.o)
                0x000000000000162c                text_layer_set_text_alignment
 .text.text_layer_set_text_color
                0x0000000000001638        0xc /home/jack/Documents/pebble-dev/PebbleSDK-3.4/Pebble/aplite/lib/libpebble.a(tmpDuxwpQpebble.o)
                0x0000000000001638                text_layer_set_text_color
 .text.tick_timer_service_subscribe
                0x0000000000001644        0xc /home/jack/Documents/pebble-dev/PebbleSDK-3.4/Pebble/aplite/lib/libpebble.a(tmpDuxwpQpebble.o)
                0x0000000000001644                tick_timer_service_subscribe
 .text.time     0x0000000000001650        0xc /home/jack/Documents/pebble-dev/PebbleSDK-3.4/Pebble/aplite/lib/libpebble.a(tmpDuxwpQpebble.o)
                0x0000000000001650                time
 .text.vibes_double_pulse
                0x000000000000165c        0xc /home/jack/Documents/pebble-dev/PebbleSDK-3.4/Pebble/aplite/lib/libpebble.a(tmpDuxwpQpebble.o)
                0x000000000000165c                vibes_double_pulse
 .text.window_create
                0x0000000000001668        0xc /home/jack/Documents/pebble-dev/PebbleSDK-3.4/Pebble/aplite/lib/libpebble.a(tmpDuxwpQpebble.o)
                0x0000000000001668                window_create
 .text.window_destroy
                0x0000000000001674        0xc /home/jack/Documents/pebble-dev/PebbleSDK-3.4/Pebble/aplite/lib/libpebble.a(tmpDuxwpQpebble.o)
                0x0000000000001674                window_destroy
 .text.window_get_root_layer
                0x0000000000001680        0xc /home/jack/Documents/pebble-dev/PebbleSDK-3.4/Pebble/aplite/lib/libpebble.a(tmpDuxwpQpebble.o)
                0x0000000000001680                window_get_root_layer
 .text.window_set_background_color
                0x000000000000168c        0xc /home/jack/Documents/pebble-dev/PebbleSDK-3.4/Pebble/aplite/lib/libpebble.a(tmpDuxwpQpebble.o)
                0x000000000000168c                window_set_background_color
 .text.window_set_window_handlers
                0x0000000000001698        0xc /home/jack/Documents/pebble-dev/PebbleSDK-3.4/Pebble/aplite/lib/libpebble.a(tmpDuxwpQpebble.o)
                0x0000000000001698                window_set_window_handlers
 .text.window_stack_push
                0x00000000000016a4        0xc /home/jack/Documents/pebble-dev/PebbleSDK-3.4/Pebble/aplite/lib/libpebble.a(tmpDuxwpQpebble.o)
                0x00000000000016a4                window_stack_push
 .text.app_message_inbox_size_maximum
                0x00000000000016b0        0xc /home/jack/Documents/pebble-dev/PebbleSDK-3.4/Pebble/aplite/lib/libpebble.a(tmpDuxwpQpebble.o)
                0x00000000000016b0                app_message_inbox_size_maximum
 .text.app_message_outbox_begin
                0x00000000000016bc        0xc /home/jack/Documents/pebble-dev/PebbleSDK-3.4/Pebble/aplite/lib/libpebble.a(tmpDuxwpQpebble.o)
                0x00000000000016bc                app_message_outbox_begin
 .text.app_message_outbox_send
                0x00000000000016c8        0xc /home/jack/Documents/pebble-dev/PebbleSDK-3.4/Pebble/aplite/lib/libpebble.a(tmpDuxwpQpebble.o)
                0x00000000000016c8                app_message_outbox_send
 .text.app_message_outbox_size_maximum
                0x00000000000016d4        0xc /home/jack/Documents/pebble-dev/PebbleSDK-3.4/Pebble/aplite/lib/libpebble.a(tmpDuxwpQpebble.o)
                0x00000000000016d4                app_message_outbox_size_maximum
 .text.app_message_register_inbox_dropped
                0x00000000000016e0        0xc /home/jack/Documents/pebble-dev/PebbleSDK-3.4/Pebble/aplite/lib/libpebble.a(tmpDuxwpQpebble.o)
                0x00000000000016e0                app_message_register_inbox_dropped
 .text.app_message_register_inbox_received
                0x00000000000016ec        0xc /home/jack/Documents/pebble-dev/PebbleSDK-3.4/Pebble/aplite/lib/libpebble.a(tmpDuxwpQpebble.o)
                0x00000000000016ec                app_message_register_inbox_received
 .text.app_message_register_outbox_failed
                0x00000000000016f8        0xc /home/jack/Documents/pebble-dev/PebbleSDK-3.4/Pebble/aplite/lib/libpebble.a(tmpDuxwpQpebble.o)
                0x00000000000016f8                app_message_register_outbox_failed
 .text.app_message_register_outbox_sent
                0x0000000000001704        0xc /home/jack/Documents/pebble-dev/PebbleSDK-3.4/Pebble/aplite/lib/libpebble.a(tmpDuxwpQpebble.o)
                0x0000000000001704                app_message_register_outbox_sent
 .text.persist_read_string
                0x0000000000001710        0xc /home/jack/Documents/pebble-dev/PebbleSDK-3.4/Pebble/aplite/lib/libpebble.a(tmpDuxwpQpebble.o)
                0x0000000000001710                persist_read_string
 *(.rodata)
 .rodata        0x000000000000171c       0x48 src/festive-time.c.11.o
 *(.rodata*)
 .rodata.str1.1
                0x0000000000001764      0x1a6 src/festive-time.c.11.o

.glue_7         0x000000000000190c        0x0
 .glue_7        0x0000000000000000        0x0 linker stubs

.glue_7t        0x000000000000190c        0x0
 .glue_7t       0x0000000000000000        0x0 linker stubs

.vfp11_veneer   0x000000000000190c        0x0
 .vfp11_veneer  0x0000000000000000        0x0 linker stubs

.v4_bx          0x000000000000190c        0x0
 .v4_bx         0x0000000000000000        0x0 linker stubs

.iplt           0x000000000000190c        0x0
 .iplt          0x0000000000000000        0x0 /home/jack/Documents/pebble-dev/PebbleSDK-3.4/arm-cs-tools/bin/../lib/gcc/arm-none-eabi/4.7.2/thumb2/crtbegin.o

.rel.dyn        0x000000000000190c        0x0
 .rel.iplt      0x0000000000000000        0x0 /home/jack/Documents/pebble-dev/PebbleSDK-3.4/arm-cs-tools/bin/../lib/gcc/arm-none-eabi/4.7.2/thumb2/crtbegin.o

.data           0x000000000000190c       0x42
 *(.data)
 .data          0x000000000000190c        0x0 /home/jack/Documents/pebble-dev/PebbleSDK-3.4/arm-cs-tools/bin/../lib/gcc/arm-none-eabi/4.7.2/thumb2/crti.o
 .data          0x000000000000190c        0x4 /home/jack/Documents/pebble-dev/PebbleSDK-3.4/arm-cs-tools/bin/../lib/gcc/arm-none-eabi/4.7.2/thumb2/crtbegin.o
                0x000000000000190c                __dso_handle
 .data          0x0000000000001910        0x0 src/festive-time.c.11.o
 .data          0x0000000000001910        0x0 aplite/appinfo.auto.c.11.o
 .data          0x0000000000001910        0x0 /home/jack/Documents/pebble-dev/PebbleSDK-3.4/Pebble/aplite/lib/libpebble.a(tmpDuxwpQpebble.o)
 .data          0x0000000000001910        0x0 /home/jack/Documents/pebble-dev/PebbleSDK-3.4/arm-cs-tools/bin/../lib/gcc/arm-none-eabi/4.7.2/thumb2/libgcc.a(_arm_addsubdf3.o)
 .data          0x0000000000001910        0x0 /home/jack/Documents/pebble-dev/PebbleSDK-3.4/arm-cs-tools/bin/../lib/gcc/arm-none-eabi/4.7.2/thumb2/libgcc.a(_arm_fixdfsi.o)
 .data          0x0000000000001910        0x0 /home/jack/Documents/pebble-dev/PebbleSDK-3.4/arm-cs-tools/bin/../lib/gcc/arm-none-eabi/4.7.2/thumb2/libgcc.a(_arm_addsubsf3.o)
 .data          0x0000000000001910        0x0 /home/jack/Documents/pebble-dev/PebbleSDK-3.4/arm-cs-tools/bin/../lib/gcc/arm-none-eabi/4.7.2/thumb2/libgcc.a(_arm_muldivsf3.o)
 .data          0x0000000000001910        0x0 /home/jack/Documents/pebble-dev/PebbleSDK-3.4/arm-cs-tools/bin/../lib/gcc/arm-none-eabi/4.7.2/thumb2/libgcc.a(_arm_fixsfsi.o)
 .data          0x0000000000001910        0x0 /home/jack/Documents/pebble-dev/PebbleSDK-3.4/arm-cs-tools/bin/../lib/gcc/arm-none-eabi/4.7.2/thumb2/crtend.o
 .data          0x0000000000001910        0x0 /home/jack/Documents/pebble-dev/PebbleSDK-3.4/arm-cs-tools/bin/../lib/gcc/arm-none-eabi/4.7.2/thumb2/crtn.o
 *(.data.*)
 .data.date_buffer.6762
                0x0000000000001910        0xc src/festive-time.c.11.o
 .data.date_buffer.6767
                0x000000000000191c        0xc src/festive-time.c.11.o
 .data.rel.local.birthday_day
                0x0000000000001928       0x10 src/festive-time.c.11.o
                0x0000000000001928                birthday_day
 .data.rel.local.birthday_name
                0x0000000000001938       0x10 src/festive-time.c.11.o
                0x0000000000001938                birthday_name
 .data.buffer.6761
                0x0000000000001948        0x6 src/festive-time.c.11.o

.igot.plt       0x0000000000001950        0x0
 .igot.plt      0x0000000000000000        0x0 /home/jack/Documents/pebble-dev/PebbleSDK-3.4/arm-cs-tools/bin/../lib/gcc/arm-none-eabi/4.7.2/thumb2/crtbegin.o

.bss            0x0000000000001950       0x44
 *(.bss)
 *(.bss.*)
 .bss.s_date_layer
                0x0000000000001950        0x4 src/festive-time.c.11.o
 .bss.s_background_layer
                0x0000000000001954        0x4 src/festive-time.c.11.o
 .bss.s_background_bitmap
                0x0000000000001958        0x4 src/festive-time.c.11.o
 .bss.s_bt_icon_layer
                0x000000000000195c        0x4 src/festive-time.c.11.o
 .bss.temperature_buffer.6775
                0x0000000000001960        0x8 src/festive-time.c.11.o
 .bss.twenty_four_hour_format
                0x0000000000001968        0x1 src/festive-time.c.11.o
 *fill*         0x0000000000001969        0x3 
 .bss.s_time_layer
                0x000000000000196c        0x4 src/festive-time.c.11.o
 .bss.s_battery_layer
                0x0000000000001970        0x4 src/festive-time.c.11.o
 .bss.s_divider_layer
                0x0000000000001974        0x4 src/festive-time.c.11.o
 .bss.s_weekday_layer
                0x0000000000001978        0x4 src/festive-time.c.11.o
 .bss.s_bt_icon_bitmap
                0x000000000000197c        0x4 src/festive-time.c.11.o
 .bss.battery_on_off
                0x0000000000001980        0x1 src/festive-time.c.11.o
 *fill*         0x0000000000001981        0x3 
 .bss.s_weather_layer
                0x0000000000001984        0x4 src/festive-time.c.11.o
 .bss.s_battery_level
                0x0000000000001988        0x4 src/festive-time.c.11.o
 .bss.initTemp  0x000000000000198c        0x4 src/festive-time.c.11.o
 .bss.window    0x0000000000001990        0x4 src/festive-time.c.11.o

DISCARD
 libc.a(*)
 libm.a(*)
 libgcc.a(*)
 *(.eh_frame)
OUTPUT(/home/jack/Documents/pebble-dev/FestiveTime/build/aplite/pebble-app.elf elf32-littlearm)

.ARM.attributes
                0x0000000000000000       0x27
 .ARM.attributes
                0x0000000000000000       0x19 /home/jack/Documents/pebble-dev/PebbleSDK-3.4/arm-cs-tools/bin/../lib/gcc/arm-none-eabi/4.7.2/thumb2/crti.o
 .ARM.attributes
                0x0000000000000019       0x29 /home/jack/Documents/pebble-dev/PebbleSDK-3.4/arm-cs-tools/bin/../lib/gcc/arm-none-eabi/4.7.2/thumb2/crtbegin.o
 .ARM.attributes
                0x0000000000000042       0x33 src/festive-time.c.11.o
 .ARM.attributes
                0x0000000000000075       0x33 aplite/appinfo.auto.c.11.o
 .ARM.attributes
                0x00000000000000a8       0x21 /home/jack/Documents/pebble-dev/PebbleSDK-3.4/Pebble/aplite/lib/libpebble.a(tmpDuxwpQpebble.o)
 .ARM.attributes
                0x00000000000000c9       0x19 /home/jack/Documents/pebble-dev/PebbleSDK-3.4/arm-cs-tools/bin/../lib/gcc/arm-none-eabi/4.7.2/thumb2/libgcc.a(_arm_addsubdf3.o)
 .ARM.attributes
                0x00000000000000e2       0x19 /home/jack/Documents/pebble-dev/PebbleSDK-3.4/arm-cs-tools/bin/../lib/gcc/arm-none-eabi/4.7.2/thumb2/libgcc.a(_arm_fixdfsi.o)
 .ARM.attributes
                0x00000000000000fb       0x19 /home/jack/Documents/pebble-dev/PebbleSDK-3.4/arm-cs-tools/bin/../lib/gcc/arm-none-eabi/4.7.2/thumb2/libgcc.a(_arm_addsubsf3.o)
 .ARM.attributes
                0x0000000000000114       0x19 /home/jack/Documents/pebble-dev/PebbleSDK-3.4/arm-cs-tools/bin/../lib/gcc/arm-none-eabi/4.7.2/thumb2/libgcc.a(_arm_muldivsf3.o)
 .ARM.attributes
                0x000000000000012d       0x19 /home/jack/Documents/pebble-dev/PebbleSDK-3.4/arm-cs-tools/bin/../lib/gcc/arm-none-eabi/4.7.2/thumb2/libgcc.a(_arm_fixsfsi.o)
 .ARM.attributes
                0x0000000000000146       0x29 /home/jack/Documents/pebble-dev/PebbleSDK-3.4/arm-cs-tools/bin/../lib/gcc/arm-none-eabi/4.7.2/thumb2/crtend.o
 .ARM.attributes
                0x000000000000016f       0x19 /home/jack/Documents/pebble-dev/PebbleSDK-3.4/arm-cs-tools/bin/../lib/gcc/arm-none-eabi/4.7.2/thumb2/crtn.o

.comment        0x0000000000000000       0x4e
 .comment       0x0000000000000000       0x4e /home/jack/Documents/pebble-dev/PebbleSDK-3.4/arm-cs-tools/bin/../lib/gcc/arm-none-eabi/4.7.2/thumb2/crtbegin.o
                                         0x4f (size before relaxing)
 .comment       0x0000000000000000       0x4f src/festive-time.c.11.o
 .comment       0x0000000000000000       0x4f aplite/appinfo.auto.c.11.o
 .comment       0x0000000000000000       0x4f /home/jack/Documents/pebble-dev/PebbleSDK-3.4/arm-cs-tools/bin/../lib/gcc/arm-none-eabi/4.7.2/thumb2/crtend.o

.debug_info     0x0000000000000000     0x27b9
 .debug_info    0x0000000000000000     0x20b0 src/festive-time.c.11.o
 .debug_info    0x00000000000020b0      0x376 aplite/appinfo.auto.c.11.o
 .debug_info    0x0000000000002426       0xb7 /home/jack/Documents/pebble-dev/PebbleSDK-3.4/arm-cs-tools/bin/../lib/gcc/arm-none-eabi/4.7.2/thumb2/libgcc.a(_arm_addsubdf3.o)
 .debug_info    0x00000000000024dd       0xb7 /home/jack/Documents/pebble-dev/PebbleSDK-3.4/arm-cs-tools/bin/../lib/gcc/arm-none-eabi/4.7.2/thumb2/libgcc.a(_arm_fixdfsi.o)
 .debug_info    0x0000000000002594       0xb7 /home/jack/Documents/pebble-dev/PebbleSDK-3.4/arm-cs-tools/bin/../lib/gcc/arm-none-eabi/4.7.2/thumb2/libgcc.a(_arm_addsubsf3.o)
 .debug_info    0x000000000000264b       0xb7 /home/jack/Documents/pebble-dev/PebbleSDK-3.4/arm-cs-tools/bin/../lib/gcc/arm-none-eabi/4.7.2/thumb2/libgcc.a(_arm_muldivsf3.o)
 .debug_info    0x0000000000002702       0xb7 /home/jack/Documents/pebble-dev/PebbleSDK-3.4/arm-cs-tools/bin/../lib/gcc/arm-none-eabi/4.7.2/thumb2/libgcc.a(_arm_fixsfsi.o)

.debug_abbrev   0x0000000000000000      0x533
 .debug_abbrev  0x0000000000000000      0x431 src/festive-time.c.11.o
 .debug_abbrev  0x0000000000000431       0x9e aplite/appinfo.auto.c.11.o
 .debug_abbrev  0x00000000000004cf       0x14 /home/jack/Documents/pebble-dev/PebbleSDK-3.4/arm-cs-tools/bin/../lib/gcc/arm-none-eabi/4.7.2/thumb2/libgcc.a(_arm_addsubdf3.o)
 .debug_abbrev  0x00000000000004e3       0x14 /home/jack/Documents/pebble-dev/PebbleSDK-3.4/arm-cs-tools/bin/../lib/gcc/arm-none-eabi/4.7.2/thumb2/libgcc.a(_arm_fixdfsi.o)
 .debug_abbrev  0x00000000000004f7       0x14 /home/jack/Documents/pebble-dev/PebbleSDK-3.4/arm-cs-tools/bin/../lib/gcc/arm-none-eabi/4.7.2/thumb2/libgcc.a(_arm_addsubsf3.o)
 .debug_abbrev  0x000000000000050b       0x14 /home/jack/Documents/pebble-dev/PebbleSDK-3.4/arm-cs-tools/bin/../lib/gcc/arm-none-eabi/4.7.2/thumb2/libgcc.a(_arm_muldivsf3.o)
 .debug_abbrev  0x000000000000051f       0x14 /home/jack/Documents/pebble-dev/PebbleSDK-3.4/arm-cs-tools/bin/../lib/gcc/arm-none-eabi/4.7.2/thumb2/libgcc.a(_arm_fixsfsi.o)

.debug_loc      0x0000000000000000      0xa0a
 .debug_loc     0x0000000000000000      0xa0a src/festive-time.c.11.o

.debug_aranges  0x0000000000000000      0x150
 .debug_aranges
                0x0000000000000000       0x98 src/festive-time.c.11.o
 .debug_aranges
                0x0000000000000098       0x18 aplite/appinfo.auto.c.11.o
 .debug_aranges
                0x00000000000000b0       0x20 /home/jack/Documents/pebble-dev/PebbleSDK-3.4/arm-cs-tools/bin/../lib/gcc/arm-none-eabi/4.7.2/thumb2/libgcc.a(_arm_addsubdf3.o)
 .debug_aranges
                0x00000000000000d0       0x20 /home/jack/Documents/pebble-dev/PebbleSDK-3.4/arm-cs-tools/bin/../lib/gcc/arm-none-eabi/4.7.2/thumb2/libgcc.a(_arm_fixdfsi.o)
 .debug_aranges
                0x00000000000000f0       0x20 /home/jack/Documents/pebble-dev/PebbleSDK-3.4/arm-cs-tools/bin/../lib/gcc/arm-none-eabi/4.7.2/thumb2/libgcc.a(_arm_addsubsf3.o)
 .debug_aranges
                0x0000000000000110       0x20 /home/jack/Documents/pebble-dev/PebbleSDK-3.4/arm-cs-tools/bin/../lib/gcc/arm-none-eabi/4.7.2/thumb2/libgcc.a(_arm_muldivsf3.o)
 .debug_aranges
                0x0000000000000130       0x20 /home/jack/Documents/pebble-dev/PebbleSDK-3.4/arm-cs-tools/bin/../lib/gcc/arm-none-eabi/4.7.2/thumb2/libgcc.a(_arm_fixsfsi.o)

.debug_ranges   0x0000000000000000       0xe8
 .debug_ranges  0x0000000000000000       0xe8 src/festive-time.c.11.o

.debug_line     0x0000000000000000      0xbbb
 .debug_line    0x0000000000000000      0x4f3 src/festive-time.c.11.o
 .debug_line    0x00000000000004f3      0x141 aplite/appinfo.auto.c.11.o
 .debug_line    0x0000000000000634      0x20a /home/jack/Documents/pebble-dev/PebbleSDK-3.4/arm-cs-tools/bin/../lib/gcc/arm-none-eabi/4.7.2/thumb2/libgcc.a(_arm_addsubdf3.o)
 .debug_line    0x000000000000083e       0x86 /home/jack/Documents/pebble-dev/PebbleSDK-3.4/arm-cs-tools/bin/../lib/gcc/arm-none-eabi/4.7.2/thumb2/libgcc.a(_arm_fixdfsi.o)
 .debug_line    0x00000000000008c4      0x128 /home/jack/Documents/pebble-dev/PebbleSDK-3.4/arm-cs-tools/bin/../lib/gcc/arm-none-eabi/4.7.2/thumb2/libgcc.a(_arm_addsubsf3.o)
 .debug_line    0x00000000000009ec      0x149 /home/jack/Documents/pebble-dev/PebbleSDK-3.4/arm-cs-tools/bin/../lib/gcc/arm-none-eabi/4.7.2/thumb2/libgcc.a(_arm_muldivsf3.o)
 .debug_line    0x0000000000000b35       0x86 /home/jack/Documents/pebble-dev/PebbleSDK-3.4/arm-cs-tools/bin/../lib/gcc/arm-none-eabi/4.7.2/thumb2/libgcc.a(_arm_fixsfsi.o)

.debug_str      0x0000000000000000     0x127f
 .debug_str     0x0000000000000000     0x1071 src/festive-time.c.11.o
                                       0x1153 (size before relaxing)
 .debug_str     0x0000000000001071      0x20e aplite/appinfo.auto.c.11.o
                                        0x467 (size before relaxing)

.debug_frame    0x0000000000000000      0x1c0
 .debug_frame   0x0000000000000000      0x1c0 src/festive-time.c.11.o
